Component: ARM Compiler 5.06 update 6 (build 750) Tool: armlink [4d35ed]

==============================================================================

Section Cross References

    main.o(i.main) refers to communications.o(i.clockInit) for clockInit
    main.o(i.main) refers to communications.o(i.serial_open) for serial_open
    main.o(i.main) refers to motorcontrolsubsystem.o(i.motorInit) for motorInit
    main.o(i.main) refers to visualidentificationsubsystem.o(i.lightsInit) for lightsInit
    main.o(i.main) refers to visualdisplaysubsystem.o(i.vdsInit) for vdsInit
    main.o(i.main) refers to communications.o(i.command) for command
    visualdisplaysubsystem.o(i.commandToLCD) refers to visualdisplaysubsystem.o(i.delay) for delay
    visualdisplaysubsystem.o(i.dataToLCD) refers to visualdisplaysubsystem.o(i.delay) for delay
    visualdisplaysubsystem.o(i.lcdDisplayError) refers to visualdisplaysubsystem.o(i.commandToLCD) for commandToLCD
    visualdisplaysubsystem.o(i.lcdDisplayError) refers to visualdisplaysubsystem.o(i.stringToLCD) for stringToLCD
    visualdisplaysubsystem.o(i.lcdDisplayStatus) refers to visualdisplaysubsystem.o(i.commandToLCD) for commandToLCD
    visualdisplaysubsystem.o(i.lcdDisplayStatus) refers to visualdisplaysubsystem.o(i.stringToLCD) for stringToLCD
    visualdisplaysubsystem.o(i.stringToLCD) refers to strlen.o(.text) for strlen
    visualdisplaysubsystem.o(i.stringToLCD) refers to visualdisplaysubsystem.o(i.dataToLCD) for dataToLCD
    visualdisplaysubsystem.o(i.vdsInit) refers to visualdisplaysubsystem.o(i.commandToLCD) for commandToLCD
    visualdisplaysubsystem.o(i.vdsInit) refers to visualdisplaysubsystem.o(i.stringToLCD) for stringToLCD
    visualdisplaysubsystem.o(i.vdsInit) refers to visualdisplaysubsystem.o(i.lcdDisplayStatus) for lcdDisplayStatus
    visualidentificationsubsystem.o(i.lightsToggle) refers to communications.o(i.sendbyte) for sendbyte
    visualidentificationsubsystem.o(i.lightsToggle) refers to communications.o(i.printHex) for printHex
    motorcontrolsubsystem.o(i.disableMotors) refers to motorcontrolsubsystem.o(.data) for motorsEnabledG
    motorcontrolsubsystem.o(i.enableMotors) refers to motorcontrolsubsystem.o(.data) for motorsEnabledG
    motorcontrolsubsystem.o(i.homeMotors) refers to visualdisplaysubsystem.o(i.lcdDisplayStatus) for lcdDisplayStatus
    motorcontrolsubsystem.o(i.homeMotors) refers to motorcontrolsubsystem.o(i.delayUs) for delayUs
    motorcontrolsubsystem.o(i.homeMotors) refers to visualdisplaysubsystem.o(i.lcdDisplayError) for lcdDisplayError
    motorcontrolsubsystem.o(i.homeMotors) refers to motorcontrolsubsystem.o(.data) for motorsEnabledG
    motorcontrolsubsystem.o(i.motorInit) refers to motorcontrolsubsystem.o(i.disableMotors) for disableMotors
    motorcontrolsubsystem.o(i.moveMotor) refers to communications.o(i.printHex) for printHex
    motorcontrolsubsystem.o(i.moveMotor) refers to communications.o(i.sendbyte) for sendbyte
    motorcontrolsubsystem.o(i.moveMotor) refers to motorcontrolsubsystem.o(i.delayUs) for delayUs
    motorcontrolsubsystem.o(i.moveMotor) refers to visualdisplaysubsystem.o(i.lcdDisplayError) for lcdDisplayError
    motorcontrolsubsystem.o(i.moveMotor) refers to motorcontrolsubsystem.o(i.nonRecoverableError) for nonRecoverableError
    motorcontrolsubsystem.o(i.moveMotorDeg) refers to communications.o(i.sendbyte) for sendbyte
    motorcontrolsubsystem.o(i.moveMotorDeg) refers to visualdisplaysubsystem.o(i.lcdDisplayStatus) for lcdDisplayStatus
    motorcontrolsubsystem.o(i.moveMotorDeg) refers to frleqf.o(x$fpl$frleqf) for __aeabi_cfrcmple
    motorcontrolsubsystem.o(i.moveMotorDeg) refers to fmul.o(x$fpl$fmul) for __aeabi_fmul
    motorcontrolsubsystem.o(i.moveMotorDeg) refers to fdiv.o(x$fpl$fdiv) for __aeabi_fdiv
    motorcontrolsubsystem.o(i.moveMotorDeg) refers to ffix.o(x$fpl$ffix) for __aeabi_f2iz
    motorcontrolsubsystem.o(i.moveMotorDeg) refers to fflt_clz.o(x$fpl$fflt) for __aeabi_i2f
    motorcontrolsubsystem.o(i.moveMotorDeg) refers to communications.o(i.printHex) for printHex
    motorcontrolsubsystem.o(i.moveMotorDeg) refers to faddsub_clz.o(x$fpl$fadd) for __aeabi_fadd
    motorcontrolsubsystem.o(i.moveMotorDeg) refers to motorcontrolsubsystem.o(i.delayUs) for delayUs
    motorcontrolsubsystem.o(i.moveMotorDeg) refers to fleqf.o(x$fpl$fleqf) for __aeabi_cfcmple
    motorcontrolsubsystem.o(i.moveMotorDeg) refers to faddsub_clz.o(x$fpl$fsub) for __aeabi_fsub
    motorcontrolsubsystem.o(i.moveMotorDeg) refers to faddsub_clz.o(x$fpl$frsb) for __aeabi_frsub
    motorcontrolsubsystem.o(i.moveMotorSlow) refers to communications.o(i.printHex) for printHex
    motorcontrolsubsystem.o(i.moveMotorSlow) refers to communications.o(i.sendbyte) for sendbyte
    motorcontrolsubsystem.o(i.moveMotorSlow) refers to motorcontrolsubsystem.o(i.delayUs) for delayUs
    motorcontrolsubsystem.o(i.moveMotorSlow) refers to visualdisplaysubsystem.o(i.lcdDisplayError) for lcdDisplayError
[...]
    motorcontrolsubsystem.o(i.moveP) refers to motorcontrolsubsystem.o(i.moveMotorDeg) for moveMotorDeg
    motorcontrolsubsystem.o(i.moveP) refers to motorcontrolsubsystem.o(.data) for pDegG
    motorcontrolsubsystem.o(i.moveX) refers to communications.o(i.sendbyte) for sendbyte
    motorcontrolsubsystem.o(i.moveX) refers to visualdisplaysubsystem.o(i.lcdDisplayStatus) for lcdDisplayStatus
    motorcontrolsubsystem.o(i.moveX) refers to motorcontrolsubsystem.o(i.moveMotor) for moveMotor
    motorcontrolsubsystem.o(i.moveX) refers to motorcontrolsubsystem.o(.data) for xPosG
    motorcontrolsubsystem.o(i.moveXSlow) refers to communications.o(i.sendbyte) for sendbyte
    motorcontrolsubsystem.o(i.moveXSlow) refers to communications.o(i.printHex) for printHex
    motorcontrolsubsystem.o(i.moveXSlow) refers to visualdisplaysubsystem.o(i.lcdDisplayStatus) for lcdDisplayStatus
    motorcontrolsubsystem.o(i.moveXSlow) refers to motorcontrolsubsystem.o(i.moveMotorSlow) for moveMotorSlow
    motorcontrolsubsystem.o(i.moveXSlow) refers to motorcontrolsubsystem.o(.data) for xPosG
    motorcontrolsubsystem.o(i.moveY) refers to communications.o(i.sendbyte) for sendbyte
    motorcontrolsubsystem.o(i.moveY) refers to visualdisplaysubsystem.o(i.lcdDisplayStatus) for lcdDisplayStatus
    motorcontrolsubsystem.o(i.moveY) refers to motorcontrolsubsystem.o(i.moveMotor) for moveMotor
    motorcontrolsubsystem.o(i.moveY) refers to motorcontrolsubsystem.o(.data) for yPosG
    motorcontrolsubsystem.o(i.moveYSlow) refers to communications.o(i.sendbyte) for sendbyte
    motorcontrolsubsystem.o(i.moveYSlow) refers to communications.o(i.printHex) for printHex
    motorcontrolsubsystem.o(i.moveYSlow) refers to visualdisplaysubsystem.o(i.lcdDisplayStatus) for lcdDisplayStatus
    motorcontrolsubsystem.o(i.moveYSlow) refers to motorcontrolsubsystem.o(i.moveMotorSlow) for moveMotorSlow
    motorcontrolsubsystem.o(i.moveYSlow) refers to motorcontrolsubsystem.o(.data) for yPosG
    motorcontrolsubsystem.o(i.moveZ) refers to communications.o(i.sendbyte) for sendbyte
    motorcontrolsubsystem.o(i.moveZ) refers to communications.o(i.printHex) for printHex
    motorcontrolsubsystem.o(i.moveZ) refers to visualdisplaysubsystem.o(i.lcdDisplayStatus) for lcdDisplayStatus
    motorcontrolsubsystem.o(i.moveZ) refers to motorcontrolsubsystem.o(i.moveMotor) for moveMotor
    motorcontrolsubsystem.o(i.moveZ) refers to motorcontrolsubsystem.o(.data) for zPosG
    motorcontrolsubsystem.o(i.moveZScrew) refers to motorcontrolsubsystem.o(i.delayUs) for delayUs
    motorcontrolsubsystem.o(i.moveZScrew) refers to visualdisplaysubsystem.o(i.lcdDisplayError) for lcdDisplayError
    motorcontrolsubsystem.o(i.moveZScrew) refers to motorcontrolsubsystem.o(.data) for zPosG
    motorcontrolsubsystem.o(i.moveZSlow) refers to communications.o(i.sendbyte) for sendbyte
    motorcontrolsubsystem.o(i.moveZSlow) refers to communications.o(i.printHex) for printHex
    motorcontrolsubsystem.o(i.moveZSlow) refers to visualdisplaysubsystem.o(i.lcdDisplayStatus) for lcdDisplayStatus
    motorcontrolsubsystem.o(i.moveZSlow) refers to motorcontrolsubsystem.o(i.moveMotorSlow) for moveMotorSlow
    motorcontrolsubsystem.o(i.moveZSlow) refers to motorcontrolsubsystem.o(.data) for zPosG
    motorcontrolsubsystem.o(i.phiHome) refers to fflt_clz.o(x$fpl$fflt) for __aeabi_i2f
    motorcontrolsubsystem.o(i.phiHome) refers to fmul.o(x$fpl$fmul) for __aeabi_fmul
    motorcontrolsubsystem.o(i.phiHome) refers to fdiv.o(x$fpl$fdiv) for __aeabi_fdiv
    motorcontrolsubsystem.o(i.phiHome) refers to ffix.o(x$fpl$ffix) for __aeabi_f2iz
    motorcontrolsubsystem.o(i.phiHome) refers to communications.o(i.printHex) for printHex
    motorcontrolsubsystem.o(i.phiHome) refers to communications.o(i.sendbyte) for sendbyte
    motorcontrolsubsystem.o(i.phiHome) refers to visualdisplaysubsystem.o(i.lcdDisplayStatus) for lcdDisplayStatus
    motorcontrolsubsystem.o(i.phiHome) refers to fleqf.o(x$fpl$fleqf) for __aeabi_cfcmple
    motorcontrolsubsystem.o(i.phiHome) refers to faddsub_clz.o(x$fpl$fadd) for __aeabi_fadd
    motorcontrolsubsystem.o(i.phiHome) refers to visualdisplaysubsystem.o(i.lcdDisplayError) for lcdDisplayError
    motorcontrolsubsystem.o(i.phiHome) refers to motorcontrolsubsystem.o(i.delayUs) for delayUs
    motorcontrolsubsystem.o(i.phiHome) refers to faddsub_clz.o(x$fpl$fsub) for __aeabi_fsub
    motorcontrolsubsystem.o(i.phiHome) refers to faddsub_clz.o(x$fpl$frsb) for __aeabi_frsub
    communications.o(i.checkCommand) refers to communications.o(i.commandG0) for commandG0
    communications.o(i.checkCommand) refers to visualdisplaysubsystem.o(i.lcdDisplayError) for lcdDisplayError
    communications.o(i.checkCommand) refers to communications.o(i.commandG1) for commandG1
    communications.o(i.checkCommand) refers to communications.o(i.commandG28) for commandG28
    communications.o(i.checkCommand) refers to communications.o(i.commandG30) for commandG30
    communications.o(i.checkCommand) refers to communications.o(i.commandG15) for commandG15
    communications.o(i.checkCommand) refers to communications.o(i.commandG16) for commandG16
    communications.o(i.checkCommand) refers to communications.o(i.commandM42) for commandM42
    communications.o(i.checkCommand) refers to communications.o(i.commandM17) for commandM17
    communications.o(i.checkCommand) refers to communications.o(i.commandM18) for commandM18
    communications.o(i.checkCommand) refers to communications.o(i.commandA) for commandA
    communications.o(i.checkCommand) refers to motorcontrolsubsystem.o(i.nonRecoverableError) for nonRecoverableError
    communications.o(i.checkCommand) refers to visualdisplaysubsystem.o(i.lcdDisplayStatus) for lcdDisplayStatus
    communications.o(i.checkCommand) refers to communications.o(i.sendbyte) for sendbyte
    communications.o(i.checkCommand) refers to communications.o(.bss) for get
    communications.o(i.checkCommand) refers to communications.o(.data) for gCodeErrorCount
    communications.o(i.clearBuffer) refers to communications.o(.bss) for get
    communications.o(i.command) refers to communications.o(i.clearBuffer) for clearBuffer
    communications.o(i.command) refers to communications.o(i.getbyte) for getbyte
    communications.o(i.command) refers to communications.o(i.checkCommand) for checkCommand
    communications.o(i.command) refers to communications.o(i.sendbyte) for sendbyte
    communications.o(i.command) refers to communications.o(.data) for input
    communications.o(i.command) refers to communications.o(.bss) for get
    communications.o(i.commandA) refers to visualdisplaysubsystem.o(i.lcdDisplayStatus) for lcdDisplayStatus
    communications.o(i.commandG0) refers to communications.o(i.getNum) for getNum
    communications.o(i.commandG0) refers to motorcontrolsubsystem.o(i.moveX) for moveX
    communications.o(i.commandG0) refers to motorcontrolsubsystem.o(i.moveY) for moveY
    communications.o(i.commandG0) refers to motorcontrolsubsystem.o(i.moveZ) for moveZ
    communications.o(i.commandG0) refers to communications.o(.bss) for get
    communications.o(i.commandG1) refers to communications.o(i.getNum) for getNum
    communications.o(i.commandG1) refers to motorcontrolsubsystem.o(i.moveXSlow) for moveXSlow
    communications.o(i.commandG1) refers to motorcontrolsubsystem.o(i.moveYSlow) for moveYSlow
    communications.o(i.commandG1) refers to motorcontrolsubsystem.o(i.moveZSlow) for moveZSlow
    communications.o(i.commandG1) refers to communications.o(.bss) for get
    communications.o(i.commandG15) refers to motorcontrolsubsystem.o(i.phiHome) for phiHome
    communications.o(i.commandG16) refers to communications.o(i.sendbyte) for sendbyte
    communications.o(i.commandG16) refers to communications.o(i.getNum) for getNum
    communications.o(i.commandG16) refers to motorcontrolsubsystem.o(i.moveP) for moveP
    communications.o(i.commandG16) refers to motorcontrolsubsystem.o(i.moveN) for moveN
    communications.o(i.commandG16) refers to communications.o(.bss) for get
    communications.o(i.commandG28) refers to communications.o(i.sendbyte) for sendbyte
    communications.o(i.commandG28) refers to motorcontrolsubsystem.o(i.homeMotors) for homeMotors
    communications.o(i.commandG30) refers to communications.o(i.getNum) for getNum
    communications.o(i.commandG30) refers to motorcontrolsubsystem.o(i.moveZScrew) for moveZScrew
    communications.o(i.commandG30) refers to communications.o(.bss) for get
    communications.o(i.commandM17) refers to motorcontrolsubsystem.o(i.enableMotors) for enableMotors
    communications.o(i.commandM18) refers to motorcontrolsubsystem.o(i.disableMotors) for disableMotors
    communications.o(i.commandM42) refers to visualidentificationsubsystem.o(i.lightsToggle) for lightsToggle
    communications.o(i.commandM42) refers to communications.o(.bss) for get
    communications.o(i.getNum) refers to rt_memclr_w.o(.text) for __aeabi_memclr4
    communications.o(i.getNum) refers to communications.o(.bss) for get
    communications.o(i.printHex) refers to communications.o(i.sendbyte) for sendbyte
    communications.o(i.serial_open) refers to visualdisplaysubsystem.o(i.lcdDisplayStatus) for lcdDisplayStatus
    startup_stm32f10x_md_vl.o(STACK) refers (Special) to heapauxi.o(.text) for __use_two_region_memory
    startup_stm32f10x_md_vl.o(HEAP) refers (Special) to heapauxi.o(.text) for __use_two_region_memory
    startup_stm32f10x_md_vl.o(RESET) refers (Special) to heapauxi.o(.text) for __use_two_region_memory
    startup_stm32f10x_md_vl.o(RESET) refers to startup_stm32f10x_md_vl.o(STACK) for __initial_sp
    startup_stm32f10x_md_vl.o(RESET) refers to startup_stm32f10x_md_vl.o(.text) for Reset_Handler
    startup_stm32f10x_md_vl.o(.text) refers (Special) to heapauxi.o(.text) for __use_two_region_memory
    startup_stm32f10x_md_vl.o(.text) refers to system_stm32f10x.o(i.SystemInit) for SystemInit
    startup_stm32f10x_md_vl.o(.text) refers to __main.o(!!!main) for __main
    startup_stm32f10x_md_vl.o(.text) refers to startup_stm32f10x_md_vl.o(HEAP) for Heap_Mem
    startup_stm32f10x_md_vl.o(.text) refers to startup_stm32f10x_md_vl.o(STACK) for Stack_Mem
    system_stm32f10x.o(i.SetSysClock) refers to system_stm32f10x.o(i.SetSysClockTo24) for SetSysClockTo24
    system_stm32f10x.o(i.SystemCoreClockUpdate) refers to system_stm32f10x.o(.data) for SystemCoreClock
    system_stm32f10x.o(i.SystemInit) refers to system_stm32f10x.o(i.SetSysClock) for SetSysClock
    __main.o(!!!main) refers to __rtentry.o(.ARM.Collect$$rtentry$$00000000) for __rt_entry
    faddsub_clz.o(x$fpl$fadd) refers (Special) to usenofp.o(x$fpl$usenofp) for __I$use$fp
    faddsub_clz.o(x$fpl$fadd) refers to faddsub_clz.o(x$fpl$fsub) for _fsub1
    faddsub_clz.o(x$fpl$fadd) refers to fretinf.o(x$fpl$fretinf) for __fpl_fretinf
    faddsub_clz.o(x$fpl$fadd) refers to fnaninf.o(x$fpl$fnaninf) for __fpl_fnaninf
    faddsub_clz.o(x$fpl$frsb) refers (Special) to usenofp.o(x$fpl$usenofp) for __I$use$fp
    faddsub_clz.o(x$fpl$frsb) refers to faddsub_clz.o(x$fpl$fadd) for _fadd1
    faddsub_clz.o(x$fpl$frsb) refers to faddsub_clz.o(x$fpl$fsub) for _fsub1
    faddsub_clz.o(x$fpl$fsub) refers (Special) to usenofp.o(x$fpl$usenofp) for __I$use$fp
    faddsub_clz.o(x$fpl$fsub) refers to faddsub_clz.o(x$fpl$fadd) for _fadd1
    faddsub_clz.o(x$fpl$fsub) refers to fnaninf.o(x$fpl$fnaninf) for __fpl_fnaninf
    fdiv.o(x$fpl$frdiv) refers (Special) to usenofp.o(x$fpl$usenofp) for __I$use$fp
    fdiv.o(x$fpl$frdiv) refers to fdiv.o(x$fpl$fdiv) for _fdiv1
    fdiv.o(x$fpl$fdiv) refers (Special) to usenofp.o(x$fpl$usenofp) for __I$use$fp
    fdiv.o(x$fpl$fdiv) refers to fretinf.o(x$fpl$fretinf) for __fpl_fretinf
    fdiv.o(x$fpl$fdiv) refers to fnaninf.o(x$fpl$fnaninf) for __fpl_fnaninf
    ffix.o(x$fpl$ffix) refers (Special) to usenofp.o(x$fpl$usenofp) for __I$use$fp
    ffix.o(x$fpl$ffix) refers to fnaninf.o(x$fpl$fnaninf) for __fpl_fnaninf
    ffix.o(x$fpl$ffixr) refers (Special) to usenofp.o(x$fpl$usenofp) for __I$use$fp
    ffix.o(x$fpl$ffixr) refers to fnaninf.o(x$fpl$fnaninf) for __fpl_fnaninf
    fflt_clz.o(x$fpl$ffltu) refers (Special) to usenofp.o(x$fpl$usenofp) for __I$use$fp
    fflt_clz.o(x$fpl$fflt) refers (Special) to usenofp.o(x$fpl$usenofp) for __I$use$fp
    fflt_clz.o(x$fpl$ffltn) refers (Special) to usenofp.o(x$fpl$usenofp) for __I$use$fp
    fleqf.o(x$fpl$fleqf) refers (Special) to usenofp.o(x$fpl$usenofp) for __I$use$fp
    fleqf.o(x$fpl$fleqf) refers to fnaninf.o(x$fpl$fnaninf) for __fpl_fnaninf
    fleqf.o(x$fpl$fleqf) refers to fcmpi.o(x$fpl$fcmpinf) for __fpl_fcmp_Inf
    fmul.o(x$fpl$fmul) refers (Special) to usenofp.o(x$fpl$usenofp) for __I$use$fp
    fmul.o(x$fpl$fmul) refers to fretinf.o(x$fpl$fretinf) for __fpl_fretinf
    fmul.o(x$fpl$fmul) refers to fnaninf.o(x$fpl$fnaninf) for __fpl_fnaninf
    frleqf.o(x$fpl$frleqf) refers (Special) to usenofp.o(x$fpl$usenofp) for __I$use$fp
    frleqf.o(x$fpl$frleqf) refers to fleqf.o(x$fpl$fleqf) for __fpl_fcmple_InfNaN
    __rtentry.o(.ARM.Collect$$rtentry$$00000000) refers (Special) to __rtentry2.o(.ARM.Collect$$rtentry$$0000000A) for __rt_entry_li
    __rtentry.o(.ARM.Collect$$rtentry$$00000000) refers (Special) to __rtentry2.o(.ARM.Collect$$rtentry$$0000000D) for __rt_entry_main
    __rtentry.o(.ARM.Collect$$rtentry$$00000000) refers (Special) to __rtentry2.o(.ARM.Collect$$rtentry$$0000000C) for __rt_entry_postli_1
    __rtentry.o(.ARM.Collect$$rtentry$$00000000) refers (Special) to __rtentry2.o(.ARM.Collect$$rtentry$$00000009) for __rt_entry_postsh_1
    __rtentry.o(.ARM.Collect$$rtentry$$00000000) refers (Special) to __rtentry2.o(.ARM.Collect$$rtentry$$00000002) for __rt_entry_presh_1
    __rtentry.o(.ARM.Collect$$rtentry$$00000000) refers (Special) to __rtentry4.o(.ARM.Collect$$rtentry$$00000004) for __rt_entry_sh
    fcmpi.o(x$fpl$fcmpinf) refers (Special) to usenofp.o(x$fpl$usenofp) for __I$use$fp
    fnaninf.o(x$fpl$fnaninf) refers (Special) to usenofp.o(x$fpl$usenofp) for __I$use$fp
    fretinf.o(x$fpl$fretinf) refers (Special) to usenofp.o(x$fpl$usenofp) for __I$use$fp
    __rtentry2.o(.ARM.Collect$$rtentry$$00000008) refers to boardinit2.o(.text) for _platform_post_stackheap_init
    __rtentry2.o(.ARM.Collect$$rtentry$$0000000A) refers to libinit.o(.ARM.Collect$$libinit$$00000000) for __rt_lib_init
    __rtentry2.o(.ARM.Collect$$rtentry$$0000000B) refers to boardinit3.o(.text) for _platform_post_lib_init
    __rtentry2.o(.ARM.Collect$$rtentry$$0000000D) refers to main.o(i.main) for main
    __rtentry2.o(.ARM.Collect$$rtentry$$0000000D) refers to exit.o(.text) for exit
    __rtentry2.o(.ARM.exidx) refers to __rtentry2.o(.ARM.Collect$$rtentry$$00000001) for .ARM.Collect$$rtentry$$00000001
    __rtentry2.o(.ARM.exidx) refers to __rtentry2.o(.ARM.Collect$$rtentry$$00000008) for .ARM.Collect$$rtentry$$00000008
    __rtentry2.o(.ARM.exidx) refers to __rtentry2.o(.ARM.Collect$$rtentry$$0000000A) for .ARM.Collect$$rtentry$$0000000A
    __rtentry2.o(.ARM.exidx) refers to __rtentry2.o(.ARM.Collect$$rtentry$$0000000B) for .ARM.Collect$$rtentry$$0000000B
    __rtentry2.o(.ARM.exidx) refers to __rtentry2.o(.ARM.Collect$$rtentry$$0000000D) for .ARM.Collect$$rtentry$$0000000D
    __rtentry4.o(.ARM.Collect$$rtentry$$00000004) refers to sys_stackheap_outer.o(.text) for __user_setup_stackheap
    __rtentry4.o(.ARM.exidx) refers to __rtentry4.o(.ARM.Collect$$rtentry$$00000004) for .ARM.Collect$$rtentry$$00000004
    sys_stackheap_outer.o(.text) refers to libspace.o(.text) for __user_perproc_libspace
    sys_stackheap_outer.o(.text) refers to startup_stm32f10x_md_vl.o(.text) for __user_initial_stackheap
    exit.o(.text) refers to rtexit.o(.ARM.Collect$$rtexit$$00000000) for __rt_exit
    libinit.o(.ARM.Collect$$libinit$$00000000) refers (Special) to libinit2.o(.ARM.Collect$$libinit$$0000002E) for __rt_lib_init_alloca_1
    libinit.o(.ARM.Collect$$libinit$$00000000) refers (Special) to libinit2.o(.ARM.Collect$$libinit$$0000002C) for __rt_lib_init_argv_1
    libinit.o(.ARM.Collect$$libinit$$00000000) refers (Special) to libinit2.o(.ARM.Collect$$libinit$$0000001B) for __rt_lib_init_atexit_1
    libinit.o(.ARM.Collect$$libinit$$00000000) refers (Special) to libinit2.o(.ARM.Collect$$libinit$$00000021) for __rt_lib_init_clock_1
    libinit.o(.ARM.Collect$$libinit$$00000000) refers (Special) to libinit2.o(.ARM.Collect$$libinit$$00000032) for __rt_lib_init_cpp_1
    libinit.o(.ARM.Collect$$libinit$$00000000) refers (Special) to libinit2.o(.ARM.Collect$$libinit$$00000030) for __rt_lib_init_exceptions_1
    libinit.o(.ARM.Collect$$libinit$$00000000) refers (Special) to libinit2.o(.ARM.Collect$$libinit$$00000002) for __rt_lib_init_fp_1
    libinit.o(.ARM.Collect$$libinit$$00000000) refers (Special) to libinit2.o(.ARM.Collect$$libinit$$0000001F) for __rt_lib_init_fp_trap_1
    libinit.o(.ARM.Collect$$libinit$$00000000) refers (Special) to libinit2.o(.ARM.Collect$$libinit$$00000023) for __rt_lib_init_getenv_1
    libinit.o(.ARM.Collect$$libinit$$00000000) refers (Special) to libinit2.o(.ARM.Collect$$libinit$$0000000A) for __rt_lib_init_heap_1
    libinit.o(.ARM.Collect$$libinit$$00000000) refers (Special) to libinit2.o(.ARM.Collect$$libinit$$00000011) for __rt_lib_init_lc_collate_1
    libinit.o(.ARM.Collect$$libinit$$00000000) refers (Special) to libinit2.o(.ARM.Collect$$libinit$$00000013) for __rt_lib_init_lc_ctype_1
    libinit.o(.ARM.Collect$$libinit$$00000000) refers (Special) to libinit2.o(.ARM.Collect$$libinit$$00000015) for __rt_lib_init_lc_monetary_1
    libinit.o(.ARM.Collect$$libinit$$00000000) refers (Special) to libinit2.o(.ARM.Collect$$libinit$$00000017) for __rt_lib_init_lc_numeric_1
    libinit.o(.ARM.Collect$$libinit$$00000000) refers (Special) to libinit2.o(.ARM.Collect$$libinit$$00000019) for __rt_lib_init_lc_time_1
    libinit.o(.ARM.Collect$$libinit$$00000000) refers (Special) to libinit2.o(.ARM.Collect$$libinit$$00000004) for __rt_lib_init_preinit_1
    libinit.o(.ARM.Collect$$libinit$$00000000) refers (Special) to libinit2.o(.ARM.Collect$$libinit$$0000000E) for __rt_lib_init_rand_1
    libinit.o(.ARM.Collect$$libinit$$00000000) refers (Special) to libinit2.o(.ARM.Collect$$libinit$$00000033) for __rt_lib_init_return
    libinit.o(.ARM.Collect$$libinit$$00000000) refers (Special) to libinit2.o(.ARM.Collect$$libinit$$0000001D) for __rt_lib_init_signal_1
    libinit.o(.ARM.Collect$$libinit$$00000000) refers (Special) to libinit2.o(.ARM.Collect$$libinit$$00000025) for __rt_lib_init_stdio_1
    libinit.o(.ARM.Collect$$libinit$$00000000) refers (Special) to libinit2.o(.ARM.Collect$$libinit$$0000000C) for __rt_lib_init_user_alloc_1
    libspace.o(.text) refers to libspace.o(.bss) for __libspace_start
    rtexit.o(.ARM.Collect$$rtexit$$00000000) refers (Special) to rtexit2.o(.ARM.Collect$$rtexit$$00000004) for __rt_exit_exit
    rtexit.o(.ARM.Collect$$rtexit$$00000000) refers (Special) to rtexit2.o(.ARM.Collect$$rtexit$$00000003) for __rt_exit_ls
    rtexit.o(.ARM.Collect$$rtexit$$00000000) refers (Special) to rtexit2.o(.ARM.Collect$$rtexit$$00000002) for __rt_exit_prels_1
    rtexit.o(.ARM.exidx) refers (Special) to rtexit2.o(.ARM.Collect$$rtexit$$00000004) for __rt_exit_exit
    rtexit.o(.ARM.exidx) refers (Special) to rtexit2.o(.ARM.Collect$$rtexit$$00000003) for __rt_exit_ls
    rtexit.o(.ARM.exidx) refers (Special) to rtexit2.o(.ARM.Collect$$rtexit$$00000002) for __rt_exit_prels_1
    rtexit.o(.ARM.exidx) refers to rtexit.o(.ARM.Collect$$rtexit$$00000000) for .ARM.Collect$$rtexit$$00000000
    libinit2.o(.ARM.Collect$$libinit$$00000010) refers to libinit2.o(.ARM.Collect$$libinit$$0000000F) for .ARM.Collect$$libinit$$0000000F
    libinit2.o(.ARM.Collect$$libinit$$00000012) refers to libinit2.o(.ARM.Collect$$libinit$$0000000F) for .ARM.Collect$$libinit$$0000000F
    libinit2.o(.ARM.Collect$$libinit$$00000014) refers to libinit2.o(.ARM.Collect$$libinit$$0000000F) for .ARM.Collect$$libinit$$0000000F
    libinit2.o(.ARM.Collect$$libinit$$00000016) refers to libinit2.o(.ARM.Collect$$libinit$$0000000F) for .ARM.Collect$$libinit$$0000000F
    libinit2.o(.ARM.Collect$$libinit$$00000018) refers to libinit2.o(.ARM.Collect$$libinit$$0000000F) for .ARM.Collect$$libinit$$0000000F
    libinit2.o(.ARM.Collect$$libinit$$00000026) refers to argv_veneer.o(.emb_text) for __ARM_argv_veneer
    libinit2.o(.ARM.Collect$$libinit$$00000027) refers to argv_veneer.o(.emb_text) for __ARM_argv_veneer
    rtexit2.o(.ARM.Collect$$rtexit$$00000003) refers to libshutdown.o(.ARM.Collect$$libshutdown$$00000000) for __rt_lib_shutdown
    rtexit2.o(.ARM.Collect$$rtexit$$00000004) refers to sys_exit.o(.text) for _sys_exit
    rtexit2.o(.ARM.exidx) refers to rtexit2.o(.ARM.Collect$$rtexit$$00000001) for .ARM.Collect$$rtexit$$00000001
    rtexit2.o(.ARM.exidx) refers to rtexit2.o(.ARM.Collect$$rtexit$$00000003) for .ARM.Collect$$rtexit$$00000003
    rtexit2.o(.ARM.exidx) refers to rtexit2.o(.ARM.Collect$$rtexit$$00000004) for .ARM.Collect$$rtexit$$00000004
    argv_veneer.o(.emb_text) refers to no_argv.o(.text) for __ARM_get_argv
    sys_exit.o(.text) refers (Special) to use_no_semi.o(.text) for __I$use$semihosting
    sys_exit.o(.text) refers (Special) to indicate_semi.o(.text) for __semihosting_library_function
    _get_argv_nomalloc.o(.text) refers (Special) to hrguard.o(.text) for __heap_region$guard
    _get_argv_nomalloc.o(.text) refers to defsig_rtmem_outer.o(.text) for __rt_SIGRTMEM
    _get_argv_nomalloc.o(.text) refers to sys_command.o(.text) for _sys_command_string
    libshutdown.o(.ARM.Collect$$libshutdown$$00000000) refers (Special) to libshutdown2.o(.ARM.Collect$$libshutdown$$00000002) for __rt_lib_shutdown_cpp_1
    libshutdown.o(.ARM.Collect$$libshutdown$$00000000) refers (Special) to libshutdown2.o(.ARM.Collect$$libshutdown$$00000007) for __rt_lib_shutdown_fp_trap_1
    libshutdown.o(.ARM.Collect$$libshutdown$$00000000) refers (Special) to libshutdown2.o(.ARM.Collect$$libshutdown$$0000000F) for __rt_lib_shutdown_heap_1
    libshutdown.o(.ARM.Collect$$libshutdown$$00000000) refers (Special) to libshutdown2.o(.ARM.Collect$$libshutdown$$00000010) for __rt_lib_shutdown_return
    libshutdown.o(.ARM.Collect$$libshutdown$$00000000) refers (Special) to libshutdown2.o(.ARM.Collect$$libshutdown$$0000000A) for __rt_lib_shutdown_signal_1
    libshutdown.o(.ARM.Collect$$libshutdown$$00000000) refers (Special) to libshutdown2.o(.ARM.Collect$$libshutdown$$00000004) for __rt_lib_shutdown_stdio_1
    libshutdown.o(.ARM.Collect$$libshutdown$$00000000) refers (Special) to libshutdown2.o(.ARM.Collect$$libshutdown$$0000000C) for __rt_lib_shutdown_user_alloc_1
    sys_command.o(.text) refers (Special) to use_no_semi.o(.text) for __I$use$semihosting
    sys_command.o(.text) refers (Special) to indicate_semi.o(.text) for __semihosting_library_function
    defsig_rtmem_outer.o(.text) refers to defsig_rtmem_inner.o(.text) for __rt_SIGRTMEM_inner
    defsig_rtmem_outer.o(.text) refers to defsig_exit.o(.text) for __sig_exit
    defsig_rtmem_formal.o(.text) refers to rt_raise.o(.text) for __rt_raise
    rt_raise.o(.text) refers to __raise.o(.text) for __raise
    rt_raise.o(.text) refers to sys_exit.o(.text) for _sys_exit
    defsig_exit.o(.text) refers to sys_exit.o(.text) for _sys_exit
    defsig_rtmem_inner.o(.text) refers to defsig_general.o(.text) for __default_signal_display
    __raise.o(.text) refers to defsig.o(CL$$defsig) for __default_signal_handler
    defsig_general.o(.text) refers to sys_wrch.o(.text) for _ttywrch
    sys_wrch.o(.text) refers (Special) to use_no_semi.o(.text) for __I$use$semihosting
    sys_wrch.o(.text) refers (Special) to indicate_semi.o(.text) for __semihosting_library_function
    defsig.o(CL$$defsig) refers to defsig_rtmem_inner.o(.text) for __rt_SIGRTMEM_inner
    defsig_abrt_inner.o(.text) refers to defsig_general.o(.text) for __default_signal_display
    defsig_fpe_inner.o(.text) refers to defsig_general.o(.text) for __default_signal_display
    defsig_rtred_inner.o(.text) refers to defsig_general.o(.text) for __default_signal_display
    defsig_stak_inner.o(.text) refers to defsig_general.o(.text) for __default_signal_display
    defsig_pvfn_inner.o(.text) refers to defsig_general.o(.text) for __default_signal_display
    defsig_cppl_inner.o(.text) refers to defsig_general.o(.text) for __default_signal_display
    defsig_segv_inner.o(.text) refers to defsig_general.o(.text) for __default_signal_display
    defsig_other.o(.text) refers to defsig_general.o(.text) for __default_signal_display


==============================================================================

Removing Unused input sections from the image.

    Removing main.o(.rev16_text), (4 bytes).
    Removing main.o(.revsh_text), (4 bytes).
    Removing main.o(.rrx_text), (6 bytes).
    Removing visualdisplaysubsystem.o(.rev16_text), (4 bytes).
    Removing visualdisplaysubsystem.o(.revsh_text), (4 bytes).
    Removing visualdisplaysubsystem.o(.rrx_text), (6 bytes).
    Removing visualidentificationsubsystem.o(.rev16_text), (4 bytes).
    Removing visualidentificationsubsystem.o(.revsh_text), (4 bytes).
    Removing visualidentificationsubsystem.o(.rrx_text), (6 bytes).
    Removing motorcontrolsubsystem.o(.rev16_text), (4 bytes).
    Removing motorcontrolsubsystem.o(.revsh_text), (4 bytes).
    Removing motorcontrolsubsystem.o(.rrx_text), (6 bytes).
    Removing motorcontrolsubsystem.o(i.encoderInit), (28 bytes).
    Removing motorcontrolsubsystem.o(.constdata), (76 bytes).
    Removing communications.o(.rev16_text), (4 bytes).
    Removing communications.o(.revsh_text), (4 bytes).
    Removing communications.o(.rrx_text), (6 bytes).
    Removing system_stm32f10x.o(.rev16_text), (4 bytes).
    Removing system_stm32f10x.o(.revsh_text), (4 bytes).
    Removing system_stm32f10x.o(.rrx_text), (6 bytes).
    Removing system_stm32f10x.o(i.SystemCoreClockUpdate), (160 bytes).
    Removing system_stm32f10x.o(.data), (20 bytes).

22 unused section(s) (total 368 bytes) removed from the image.

==============================================================================

Image Symbol Table

    Local Symbols

    Symbol Name                              Value     Ov Type        Size  Object(Section)

    ../clib/angel/boardlib.s                 0x00000000   Number         0  boardinit3.o ABSOLUTE
    ../clib/angel/boardlib.s                 0x00000000   Number         0  boardshut.o ABSOLUTE
    ../clib/angel/boardlib.s                 0x00000000   Number         0  boardinit2.o ABSOLUTE
    ../clib/angel/boardlib.s                 0x00000000   Number         0  boardinit1.o ABSOLUTE
    ../clib/angel/handlers.s                 0x00000000   Number         0  __scatter_zi.o ABSOLUTE
    ../clib/angel/handlers.s                 0x00000000   Number         0  __scatter_copy.o ABSOLUTE
    ../clib/angel/kernel.s                   0x00000000   Number         0  rtexit2.o ABSOLUTE
    ../clib/angel/kernel.s                   0x00000000   Number         0  rtexit.o ABSOLUTE
    ../clib/angel/kernel.s                   0x00000000   Number         0  __rtentry.o ABSOLUTE
    ../clib/angel/kernel.s                   0x00000000   Number         0  __rtentry4.o ABSOLUTE
    ../clib/angel/kernel.s                   0x00000000   Number         0  __rtentry2.o ABSOLUTE
    ../clib/angel/rt.s                       0x00000000   Number         0  rt_raise.o ABSOLUTE
    ../clib/angel/scatter.s                  0x00000000   Number         0  __scatter.o ABSOLUTE
    ../clib/angel/startup.s                  0x00000000   Number         0  __main.o ABSOLUTE
    ../clib/angel/sys.s                      0x00000000   Number         0  use_no_semi.o ABSOLUTE
    ../clib/angel/sys.s                      0x00000000   Number         0  libspace.o ABSOLUTE
    ../clib/angel/sys.s                      0x00000000   Number         0  indicate_semi.o ABSOLUTE
    ../clib/angel/sys.s                      0x00000000   Number         0  sys_stackheap_outer.o ABSOLUTE
    ../clib/angel/sysapp.c                   0x00000000   Number         0  sys_command.o ABSOLUTE
    ../clib/angel/sysapp.c                   0x00000000   Number         0  sys_exit.o ABSOLUTE
    ../clib/angel/sysapp.c                   0x00000000   Number         0  sys_wrch.o ABSOLUTE
    ../clib/armsys.c                         0x00000000   Number         0  argv_veneer.o ABSOLUTE
    ../clib/armsys.c                         0x00000000   Number         0  no_argv.o ABSOLUTE
    ../clib/armsys.c                         0x00000000   Number         0  _get_argv_nomalloc.o ABSOLUTE
    ../clib/armsys.c                         0x00000000   Number         0  argv_veneer.o ABSOLUTE
    ../clib/heapalloc.c                      0x00000000   Number         0  hrguard.o ABSOLUTE
    ../clib/heapaux.c                        0x00000000   Number         0  heapauxi.o ABSOLUTE
    ../clib/libinit.s                        0x00000000   Number         0  libinit.o ABSOLUTE
    ../clib/libinit.s                        0x00000000   Number         0  libinit2.o ABSOLUTE
    ../clib/libinit.s                        0x00000000   Number         0  libshutdown2.o ABSOLUTE
    ../clib/libinit.s                        0x00000000   Number         0  libshutdown.o ABSOLUTE
    ../clib/memcpset.s                       0x00000000   Number         0  rt_memclr_w.o ABSOLUTE
    ../clib/signal.c                         0x00000000   Number         0  defsig_rtmem_formal.o ABSOLUTE
    ../clib/signal.c                         0x00000000   Number         0  defsig_rtmem_outer.o ABSOLUTE
    ../clib/signal.c                         0x00000000   Number         0  defsig_rtmem_inner.o ABSOLUTE
    ../clib/signal.c                         0x00000000   Number         0  defsig_other.o ABSOLUTE
    ../clib/signal.c                         0x00000000   Number         0  defsig_segv_inner.o ABSOLUTE
    ../clib/signal.c                         0x00000000   Number         0  defsig_cppl_inner.o ABSOLUTE
    ../clib/signal.c                         0x00000000   Number         0  defsig_pvfn_inner.o ABSOLUTE
    ../clib/signal.c                         0x00000000   Number         0  defsig_stak_inner.o ABSOLUTE
    ../clib/signal.c                         0x00000000   Number         0  defsig_rtred_inner.o ABSOLUTE
    ../clib/signal.c                         0x00000000   Number         0  defsig_general.o ABSOLUTE
    ../clib/signal.c                         0x00000000   Number         0  __raise.o ABSOLUTE
    ../clib/signal.c                         0x00000000   Number         0  defsig_fpe_inner.o ABSOLUTE
    ../clib/signal.c                         0x00000000   Number         0  defsig_abrt_inner.o ABSOLUTE
    ../clib/signal.c                         0x00000000   Number         0  defsig_exit.o ABSOLUTE
    ../clib/signal.s                         0x00000000   Number         0  defsig.o ABSOLUTE
    ../clib/stdlib.c                         0x00000000   Number         0  exit.o ABSOLUTE
    ../clib/string.c                         0x00000000   Number         0  strlen.o ABSOLUTE
    ../fplib/faddsub.s                       0x00000000   Number         0  faddsub_clz.o ABSOLUTE
    ../fplib/fcmpi.s                         0x00000000   Number         0  fcmpi.o ABSOLUTE
    ../fplib/fdiv.s                          0x00000000   Number         0  fdiv.o ABSOLUTE
    ../fplib/ffix.s                          0x00000000   Number         0  ffix.o ABSOLUTE
    ../fplib/fflt.s                          0x00000000   Number         0  fflt_clz.o ABSOLUTE
    ../fplib/fleqf.s                         0x00000000   Number         0  fleqf.o ABSOLUTE
    ../fplib/fmul.s                          0x00000000   Number         0  fmul.o ABSOLUTE
    ../fplib/fnaninf.s                       0x00000000   Number         0  fnaninf.o ABSOLUTE
    ../fplib/fpinit.s                        0x00000000   Number         0  fpinit.o ABSOLUTE
    ../fplib/fretinf.s                       0x00000000   Number         0  fretinf.o ABSOLUTE
    ../fplib/frleqf.s                        0x00000000   Number         0  frleqf.o ABSOLUTE
    ../fplib/usenofp.s                       0x00000000   Number         0  usenofp.o ABSOLUTE
    Communications.c                         0x00000000   Number         0  communications.o ABSOLUTE
    Communications.c                         0x00000000   Number         0  communications.o ABSOLUTE
    MotorControlSubSystem.c                  0x00000000   Number         0  motorcontrolsubsystem.o ABSOLUTE
    MotorControlSubSystem.c                  0x00000000   Number         0  motorcontrolsubsystem.o ABSOLUTE
    RTE\Device\STM32F100RB\startup_stm32f10x_md_vl.s 0x00000000   Number         0  startup_stm32f10x_md_vl.o ABSOLUTE
    RTE\Device\STM32F100RB\system_stm32f10x.c 0x00000000   Number         0  system_stm32f10x.o ABSOLUTE
    RTE\\Device\\STM32F100RB\\system_stm32f10x.c 0x00000000   Number         0  system_stm32f10x.o ABSOLUTE
    VisualDisplaySubSystem.c                 0x00000000   Number         0  visualdisplaysubsystem.o ABSOLUTE
    VisualDisplaySubSystem.c                 0x00000000   Number         0  visualdisplaysubsystem.o ABSOLUTE
    VisualIdentificationSubSystem.c          0x00000000   Number         0  visualidentificationsubsystem.o ABSOLUTE
    VisualIdentificationSubSystem.c          0x00000000   Number         0  visualidentificationsubsystem.o ABSOLUTE
    dc.s                                     0x00000000   Number         0  dc.o ABSOLUTE
    main.c                                   0x00000000   Number         0  main.o ABSOLUTE
    main.c                                   0x00000000   Number         0  main.o ABSOLUTE
    RESET                                    0x08000000   Section      288  startup_stm32f10x_md_vl.o(RESET)
    !!!main                                  0x08000120   Section        8  __main.o(!!!main)
    !!!scatter                               0x08000128   Section       52  __scatter.o(!!!scatter)
    !!handler_copy                           0x0800015c   Section       26  __scatter_copy.o(!!handler_copy)
    !!handler_zi                             0x08000178   Section       28  __scatter_zi.o(!!handler_zi)
    .ARM.Collect$$libinit$$00000000          0x08000194   Section        2  libinit.o(.ARM.Collect$$libinit$$00000000)
    .ARM.Collect$$libinit$$00000002          0x08000196   Section        0  libinit2.o(.ARM.Collect$$libinit$$00000002)
    .ARM.Collect$$libinit$$00000004          0x08000196   Section        0  libinit2.o(.ARM.Collect$$libinit$$00000004)
    .ARM.Collect$$libinit$$0000000A          0x08000196   Section        0  libinit2.o(.ARM.Collect$$libinit$$0000000A)
    .ARM.Collect$$libinit$$0000000C          0x08000196   Section        0  libinit2.o(.ARM.Collect$$libinit$$0000000C)
    .ARM.Collect$$libinit$$0000000E          0x08000196   Section        0  libinit2.o(.ARM.Collect$$libinit$$0000000E)
    .ARM.Collect$$libinit$$00000011          0x08000196   Section        0  libinit2.o(.ARM.Collect$$libinit$$00000011)
    .ARM.Collect$$libinit$$00000013          0x08000196   Section        0  libinit2.o(.ARM.Collect$$libinit$$00000013)
    .ARM.Collect$$libinit$$00000015          0x08000196   Section        0  libinit2.o(.ARM.Collect$$libinit$$00000015)
    .ARM.Collect$$libinit$$00000017          0x08000196   Section        0  libinit2.o(.ARM.Collect$$libinit$$00000017)
    .ARM.Collect$$libinit$$00000019          0x08000196   Section        0  libinit2.o(.ARM.Collect$$libinit$$00000019)
    .ARM.Collect$$libinit$$0000001B          0x08000196   Section        0  libinit2.o(.ARM.Collect$$libinit$$0000001B)
    .ARM.Collect$$libinit$$0000001D          0x08000196   Section        0  libinit2.o(.ARM.Collect$$libinit$$0000001D)
    .ARM.Collect$$libinit$$0000001F          0x08000196   Section        0  libinit2.o(.ARM.Collect$$libinit$$0000001F)
    .ARM.Collect$$libinit$$00000021          0x08000196   Section        0  libinit2.o(.ARM.Collect$$libinit$$00000021)
    .ARM.Collect$$libinit$$00000023          0x08000196   Section        0  libinit2.o(.ARM.Collect$$libinit$$00000023)
    .ARM.Collect$$libinit$$00000025          0x08000196   Section        0  libinit2.o(.ARM.Collect$$libinit$$00000025)
    .ARM.Collect$$libinit$$0000002C          0x08000196   Section        0  libinit2.o(.ARM.Collect$$libinit$$0000002C)
    .ARM.Collect$$libinit$$0000002E          0x08000196   Section        0  libinit2.o(.ARM.Collect$$libinit$$0000002E)
    .ARM.Collect$$libinit$$00000030          0x08000196   Section        0  libinit2.o(.ARM.Collect$$libinit$$00000030)
    .ARM.Collect$$libinit$$00000032          0x08000196   Section        0  libinit2.o(.ARM.Collect$$libinit$$00000032)
    .ARM.Collect$$libinit$$00000033          0x08000196   Section        2  libinit2.o(.ARM.Collect$$libinit$$00000033)
    .ARM.Collect$$libshutdown$$00000000      0x08000198   Section        2  libshutdown.o(.ARM.Collect$$libshutdown$$00000000)
    .ARM.Collect$$libshutdown$$00000002      0x0800019a   Section        0  libshutdown2.o(.ARM.Collect$$libshutdown$$00000002)
    .ARM.Collect$$libshutdown$$00000004      0x0800019a   Section        0  libshutdown2.o(.ARM.Collect$$libshutdown$$00000004)
    .ARM.Collect$$libshutdown$$00000007      0x0800019a   Section        0  libshutdown2.o(.ARM.Collect$$libshutdown$$00000007)
    .ARM.Collect$$libshutdown$$0000000A      0x0800019a   Section        0  libshutdown2.o(.ARM.Collect$$libshutdown$$0000000A)
    .ARM.Collect$$libshutdown$$0000000C      0x0800019a   Section        0  libshutdown2.o(.ARM.Collect$$libshutdown$$0000000C)
    .ARM.Collect$$libshutdown$$0000000F      0x0800019a   Section        0  libshutdown2.o(.ARM.Collect$$libshutdown$$0000000F)
    .ARM.Collect$$libshutdown$$00000010      0x0800019a   Section        2  libshutdown2.o(.ARM.Collect$$libshutdown$$00000010)
    .ARM.Collect$$rtentry$$00000000          0x0800019c   Section        0  __rtentry.o(.ARM.Collect$$rtentry$$00000000)
    .ARM.Collect$$rtentry$$00000002          0x0800019c   Section        0  __rtentry2.o(.ARM.Collect$$rtentry$$00000002)
    .ARM.Collect$$rtentry$$00000004          0x0800019c   Section        6  __rtentry4.o(.ARM.Collect$$rtentry$$00000004)
    .ARM.Collect$$rtentry$$00000009          0x080001a2   Section        0  __rtentry2.o(.ARM.Collect$$rtentry$$00000009)
    .ARM.Collect$$rtentry$$0000000A          0x080001a2   Section        4  __rtentry2.o(.ARM.Collect$$rtentry$$0000000A)
    .ARM.Collect$$rtentry$$0000000C          0x080001a6   Section        0  __rtentry2.o(.ARM.Collect$$rtentry$$0000000C)
    .ARM.Collect$$rtentry$$0000000D          0x080001a6   Section        8  __rtentry2.o(.ARM.Collect$$rtentry$$0000000D)
    .ARM.Collect$$rtexit$$00000000           0x080001ae   Section        2  rtexit.o(.ARM.Collect$$rtexit$$00000000)
    .ARM.Collect$$rtexit$$00000002           0x080001b0   Section        0  rtexit2.o(.ARM.Collect$$rtexit$$00000002)
    .ARM.Collect$$rtexit$$00000003           0x080001b0   Section        4  rtexit2.o(.ARM.Collect$$rtexit$$00000003)
    .ARM.Collect$$rtexit$$00000004           0x080001b4   Section        6  rtexit2.o(.ARM.Collect$$rtexit$$00000004)
    .text                                    0x080001bc   Section       64  startup_stm32f10x_md_vl.o(.text)
    .text                                    0x080001fc   Section        0  strlen.o(.text)
    .text                                    0x0800023a   Section       78  rt_memclr_w.o(.text)
    .text                                    0x08000288   Section        0  heapauxi.o(.text)
    .text                                    0x0800028e   Section       74  sys_stackheap_outer.o(.text)
    .text                                    0x080002d8   Section        0  exit.o(.text)
    .text                                    0x080002ec   Section        8  libspace.o(.text)
    .text                                    0x080002f4   Section        0  sys_exit.o(.text)
    .text                                    0x08000300   Section        2  use_no_semi.o(.text)
    .text                                    0x08000302   Section        0  indicate_semi.o(.text)
    i.SetSysClock                            0x08000302   Section        0  system_stm32f10x.o(i.SetSysClock)
    SetSysClock                              0x08000303   Thumb Code     8  system_stm32f10x.o(i.SetSysClock)
    i.SetSysClockTo24                        0x0800030c   Section        0  system_stm32f10x.o(i.SetSysClockTo24)
    SetSysClockTo24                          0x0800030d   Thumb Code   178  system_stm32f10x.o(i.SetSysClockTo24)
    i.SystemInit                             0x080003c4   Section        0  system_stm32f10x.o(i.SystemInit)
    i.checkCommand                           0x08000428   Section        0  communications.o(i.checkCommand)
    i.clearBuffer                            0x08000640   Section        0  communications.o(i.clearBuffer)
    i.clockInit                              0x08000658   Section        0  communications.o(i.clockInit)
    i.command                                0x080006a4   Section        0  communications.o(i.command)
    i.commandA                               0x08000700   Section        0  communications.o(i.commandA)
    i.commandG0                              0x0800070c   Section        0  communications.o(i.commandG0)
    i.commandG1                              0x08000780   Section        0  communications.o(i.commandG1)
    i.commandG15                             0x080007f4   Section        0  communications.o(i.commandG15)
    i.commandG16                             0x080007fc   Section        0  communications.o(i.commandG16)
    i.commandG28                             0x08000858   Section        0  communications.o(i.commandG28)
    i.commandG30                             0x08000868   Section        0  communications.o(i.commandG30)
    i.commandM17                             0x080008a0   Section        0  communications.o(i.commandM17)
    i.commandM18                             0x080008a8   Section        0  communications.o(i.commandM18)
    i.commandM42                             0x080008b0   Section        0  communications.o(i.commandM42)
    i.commandToLCD                           0x08000904   Section        0  visualdisplaysubsystem.o(i.commandToLCD)
    i.dataToLCD                              0x0800094c   Section        0  visualdisplaysubsystem.o(i.dataToLCD)
    i.delay                                  0x08000994   Section        0  visualdisplaysubsystem.o(i.delay)
    i.delayUs                                0x080009a2   Section        0  motorcontrolsubsystem.o(i.delayUs)
    i.disableMotors                          0x080009b8   Section        0  motorcontrolsubsystem.o(i.disableMotors)
    i.enableMotors                           0x080009f8   Section        0  motorcontrolsubsystem.o(i.enableMotors)
    i.getNum                                 0x08000a38   Section        0  communications.o(i.getNum)
    i.getbyte                                0x08000af0   Section        0  communications.o(i.getbyte)
    i.homeMotors                             0x08000b0c   Section        0  motorcontrolsubsystem.o(i.homeMotors)
    i.lcdDisplayError                        0x08000fac   Section        0  visualdisplaysubsystem.o(i.lcdDisplayError)
    i.lcdDisplayStatus                       0x08001308   Section        0  visualdisplaysubsystem.o(i.lcdDisplayStatus)
    i.lightsInit                             0x080014e4   Section        0  visualidentificationsubsystem.o(i.lightsInit)
    i.lightsToggle                           0x08001514   Section        0  visualidentificationsubsystem.o(i.lightsToggle)
    i.main                                   0x0800157c   Section        0  main.o(i.main)
    i.motorInit                              0x0800159c   Section        0  motorcontrolsubsystem.o(i.motorInit)
    i.moveMotor                              0x08001634   Section        0  motorcontrolsubsystem.o(i.moveMotor)
    i.moveMotorDeg                           0x08001cc8   Section        0  motorcontrolsubsystem.o(i.moveMotorDeg)
    i.moveMotorSlow                          0x08001f50   Section        0  motorcontrolsubsystem.o(i.moveMotorSlow)
    i.moveN                                  0x080025d8   Section        0  motorcontrolsubsystem.o(i.moveN)
    i.moveP                                  0x0800260c   Section        0  motorcontrolsubsystem.o(i.moveP)
    i.moveX                                  0x08002640   Section        0  motorcontrolsubsystem.o(i.moveX)
    i.moveXSlow                              0x08002680   Section        0  motorcontrolsubsystem.o(i.moveXSlow)
    i.moveY                                  0x080026cc   Section        0  motorcontrolsubsystem.o(i.moveY)
    i.moveYSlow                              0x0800270c   Section        0  motorcontrolsubsystem.o(i.moveYSlow)
    i.moveZ                                  0x08002758   Section        0  motorcontrolsubsystem.o(i.moveZ)
    i.moveZScrew                             0x0800279c   Section        0  motorcontrolsubsystem.o(i.moveZScrew)
    i.moveZSlow                              0x08002918   Section        0  motorcontrolsubsystem.o(i.moveZSlow)
    i.nonRecoverableError                    0x08002964   Section        0  motorcontrolsubsystem.o(i.nonRecoverableError)
    i.phiHome                                0x08002968   Section        0  motorcontrolsubsystem.o(i.phiHome)
    i.printHex                               0x08002d04   Section        0  communications.o(i.printHex)
    i.sendbyte                               0x08002d84   Section        0  communications.o(i.sendbyte)
    i.serial_open                            0x08002da0   Section        0  communications.o(i.serial_open)
    i.stringToLCD                            0x08002df4   Section        0  visualdisplaysubsystem.o(i.stringToLCD)
    i.vdsInit                                0x08002e18   Section        0  visualdisplaysubsystem.o(i.vdsInit)
    x$fpl$fadd                               0x08002f24   Section      196  faddsub_clz.o(x$fpl$fadd)
    _fadd1                                   0x08002f33   Thumb Code     0  faddsub_clz.o(x$fpl$fadd)
    x$fpl$fcmpinf                            0x08002fe8   Section       24  fcmpi.o(x$fpl$fcmpinf)
    x$fpl$fdiv                               0x08003000   Section      388  fdiv.o(x$fpl$fdiv)
    _fdiv1                                   0x08003001   Thumb Code     0  fdiv.o(x$fpl$fdiv)
    x$fpl$ffix                               0x08003184   Section       54  ffix.o(x$fpl$ffix)
    x$fpl$fflt                               0x080031bc   Section       48  fflt_clz.o(x$fpl$fflt)
    x$fpl$fleqf                              0x080031ec   Section      104  fleqf.o(x$fpl$fleqf)
    x$fpl$fmul                               0x08003254   Section      258  fmul.o(x$fpl$fmul)
    x$fpl$fnaninf                            0x08003356   Section      140  fnaninf.o(x$fpl$fnaninf)
    x$fpl$fretinf                            0x080033e2   Section       10  fretinf.o(x$fpl$fretinf)
    x$fpl$frleqf                             0x080033ec   Section       98  frleqf.o(x$fpl$frleqf)
    x$fpl$frsb                               0x0800344e   Section       20  faddsub_clz.o(x$fpl$frsb)
    x$fpl$fsub                               0x08003464   Section      234  faddsub_clz.o(x$fpl$fsub)
    _fsub1                                   0x08003473   Thumb Code     0  faddsub_clz.o(x$fpl$fsub)
    x$fpl$usenofp                            0x0800354e   Section        0  usenofp.o(x$fpl$usenofp)
    .data                                    0x20000000   Section       24  motorcontrolsubsystem.o(.data)
    .data                                    0x20000018   Section       12  communications.o(.data)
    .bss                                     0x20000024   Section       30  communications.o(.bss)
    .bss                                     0x20000044   Section       96  libspace.o(.bss)
    HEAP                                     0x200000a8   Section      512  startup_stm32f10x_md_vl.o(HEAP)
    Heap_Mem                                 0x200000a8   Data         512  startup_stm32f10x_md_vl.o(HEAP)
    STACK                                    0x200002a8   Section     1024  startup_stm32f10x_md_vl.o(STACK)
    Stack_Mem                                0x200002a8   Data        1024  startup_stm32f10x_md_vl.o(STACK)
    __initial_sp                             0x200006a8   Data           0  startup_stm32f10x_md_vl.o(STACK)

    Global Symbols

    Symbol Name                              Value     Ov Type        Size  Object(Section)

    BuildAttributes$$THM_ISAv4$P$D$K$B$S$PE$A:L22UL41UL21$X:L11$S22US41US21$IEEE1$IW$USESV6$~STKCKD$USESV7$~SHL$OSPACE$ROPI$EBA8$UX$STANDARDLIB$REQ8$PRES8$EABIv2 0x00000000   Number         0  anon$$obj.o ABSOLUTE
    __ARM_use_no_argv                        0x00000000   Number         0  main.o ABSOLUTE
    __ARM_exceptions_init                     - Undefined Weak Reference
    __alloca_initialize                       - Undefined Weak Reference
    __arm_preinit_                            - Undefined Weak Reference
    __cpp_initialize__aeabi_                  - Undefined Weak Reference
    __cxa_finalize                            - Undefined Weak Reference
    __rt_locale                               - Undefined Weak Reference
    __sigvec_lookup                           - Undefined Weak Reference
    _atexit_init                              - Undefined Weak Reference
    _call_atexit_fns                          - Undefined Weak Reference
    _clock_init                               - Undefined Weak Reference
    _fp_trap_init                             - Undefined Weak Reference
    _fp_trap_shutdown                         - Undefined Weak Reference
    _get_lc_collate                           - Undefined Weak Reference
    _get_lc_ctype                             - Undefined Weak Reference
    _get_lc_monetary                          - Undefined Weak Reference
    _get_lc_numeric                           - Undefined Weak Reference
    _get_lc_time                              - Undefined Weak Reference
    _getenv_init                              - Undefined Weak Reference
    _handle_redirection                       - Undefined Weak Reference
    _init_alloc                               - Undefined Weak Reference
    _init_user_alloc                          - Undefined Weak Reference
    _initio                                   - Undefined Weak Reference
    _rand_init                                - Undefined Weak Reference
    _signal_finish                            - Undefined Weak Reference
    _signal_init                              - Undefined Weak Reference
    _terminate_alloc                          - Undefined Weak Reference
    _terminate_user_alloc                     - Undefined Weak Reference
    _terminateio                              - Undefined Weak Reference
    __Vectors_Size                           0x00000120   Number         0  startup_stm32f10x_md_vl.o ABSOLUTE
    __Vectors                                0x08000000   Data           4  startup_stm32f10x_md_vl.o(RESET)
    __Vectors_End                            0x08000120   Data           0  startup_stm32f10x_md_vl.o(RESET)
    __main                                   0x08000121   Thumb Code     8  __main.o(!!!main)
    __scatterload                            0x08000129   Thumb Code     0  __scatter.o(!!!scatter)
    __scatterload_rt2                        0x08000129   Thumb Code    44  __scatter.o(!!!scatter)
    __scatterload_rt2_thumb_only             0x08000129   Thumb Code     0  __scatter.o(!!!scatter)
    __scatterload_null                       0x08000137   Thumb Code     0  __scatter.o(!!!scatter)
    __scatterload_copy                       0x0800015d   Thumb Code    26  __scatter_copy.o(!!handler_copy)
    __scatterload_zeroinit                   0x08000179   Thumb Code    28  __scatter_zi.o(!!handler_zi)
    __rt_lib_init                            0x08000195   Thumb Code     0  libinit.o(.ARM.Collect$$libinit$$00000000)
    __rt_lib_init_alloca_1                   0x08000197   Thumb Code     0  libinit2.o(.ARM.Collect$$libinit$$0000002E)
    __rt_lib_init_argv_1                     0x08000197   Thumb Code     0  libinit2.o(.ARM.Collect$$libinit$$0000002C)
    __rt_lib_init_atexit_1                   0x08000197   Thumb Code     0  libinit2.o(.ARM.Collect$$libinit$$0000001B)
    __rt_lib_init_clock_1                    0x08000197   Thumb Code     0  libinit2.o(.ARM.Collect$$libinit$$00000021)
    __rt_lib_init_cpp_1                      0x08000197   Thumb Code     0  libinit2.o(.ARM.Collect$$libinit$$00000032)
    __rt_lib_init_exceptions_1               0x08000197   Thumb Code     0  libinit2.o(.ARM.Collect$$libinit$$00000030)
    __rt_lib_init_fp_1                       0x08000197   Thumb Code     0  libinit2.o(.ARM.Collect$$libinit$$00000002)
    __rt_lib_init_fp_trap_1                  0x08000197   Thumb Code     0  libinit2.o(.ARM.Collect$$libinit$$0000001F)
    __rt_lib_init_getenv_1                   0x08000197   Thumb Code     0  libinit2.o(.ARM.Collect$$libinit$$00000023)
    __rt_lib_init_heap_1                     0x08000197   Thumb Code     0  libinit2.o(.ARM.Collect$$libinit$$0000000A)
    __rt_lib_init_lc_collate_1               0x08000197   Thumb Code     0  libinit2.o(.ARM.Collect$$libinit$$00000011)
    __rt_lib_init_lc_ctype_1                 0x08000197   Thumb Code     0  libinit2.o(.ARM.Collect$$libinit$$00000013)
    __rt_lib_init_lc_monetary_1              0x08000197   Thumb Code     0  libinit2.o(.ARM.Collect$$libinit$$00000015)
    __rt_lib_init_lc_numeric_1               0x08000197   Thumb Code     0  libinit2.o(.ARM.Collect$$libinit$$00000017)
    __rt_lib_init_lc_time_1                  0x08000197   Thumb Code     0  libinit2.o(.ARM.Collect$$libinit$$00000019)
    __rt_lib_init_preinit_1                  0x08000197   Thumb Code     0  libinit2.o(.ARM.Collect$$libinit$$00000004)
    __rt_lib_init_rand_1                     0x08000197   Thumb Code     0  libinit2.o(.ARM.Collect$$libinit$$0000000E)
    __rt_lib_init_return                     0x08000197   Thumb Code     0  libinit2.o(.ARM.Collect$$libinit$$00000033)
    __rt_lib_init_signal_1                   0x08000197   Thumb Code     0  libinit2.o(.ARM.Collect$$libinit$$0000001D)
    __rt_lib_init_stdio_1                    0x08000197   Thumb Code     0  libinit2.o(.ARM.Collect$$libinit$$00000025)
    __rt_lib_init_user_alloc_1               0x08000197   Thumb Code     0  libinit2.o(.ARM.Collect$$libinit$$0000000C)
    __rt_lib_shutdown                        0x08000199   Thumb Code     0  libshutdown.o(.ARM.Collect$$libshutdown$$00000000)
    __rt_lib_shutdown_cpp_1                  0x0800019b   Thumb Code     0  libshutdown2.o(.ARM.Collect$$libshutdown$$00000002)
    __rt_lib_shutdown_fp_trap_1              0x0800019b   Thumb Code     0  libshutdown2.o(.ARM.Collect$$libshutdown$$00000007)
    __rt_lib_shutdown_heap_1                 0x0800019b   Thumb Code     0  libshutdown2.o(.ARM.Collect$$libshutdown$$0000000F)
    __rt_lib_shutdown_return                 0x0800019b   Thumb Code     0  libshutdown2.o(.ARM.Collect$$libshutdown$$00000010)
    __rt_lib_shutdown_signal_1               0x0800019b   Thumb Code     0  libshutdown2.o(.ARM.Collect$$libshutdown$$0000000A)
    __rt_lib_shutdown_stdio_1                0x0800019b   Thumb Code     0  libshutdown2.o(.ARM.Collect$$libshutdown$$00000004)
    __rt_lib_shutdown_user_alloc_1           0x0800019b   Thumb Code     0  libshutdown2.o(.ARM.Collect$$libshutdown$$0000000C)
    __rt_entry                               0x0800019d   Thumb Code     0  __rtentry.o(.ARM.Collect$$rtentry$$00000000)
    __rt_entry_presh_1                       0x0800019d   Thumb Code     0  __rtentry2.o(.ARM.Collect$$rtentry$$00000002)
    __rt_entry_sh                            0x0800019d   Thumb Code     0  __rtentry4.o(.ARM.Collect$$rtentry$$00000004)
    __rt_entry_li                            0x080001a3   Thumb Code     0  __rtentry2.o(.ARM.Collect$$rtentry$$0000000A)
    __rt_entry_postsh_1                      0x080001a3   Thumb Code     0  __rtentry2.o(.ARM.Collect$$rtentry$$00000009)
    __rt_entry_main                          0x080001a7   Thumb Code     0  __rtentry2.o(.ARM.Collect$$rtentry$$0000000D)
    __rt_entry_postli_1                      0x080001a7   Thumb Code     0  __rtentry2.o(.ARM.Collect$$rtentry$$0000000C)
    __rt_exit                                0x080001af   Thumb Code     0  rtexit.o(.ARM.Collect$$rtexit$$00000000)
    __rt_exit_ls                             0x080001b1   Thumb Code     0  rtexit2.o(.ARM.Collect$$rtexit$$00000003)
    __rt_exit_prels_1                        0x080001b1   Thumb Code     0  rtexit2.o(.ARM.Collect$$rtexit$$00000002)
    __rt_exit_exit                           0x080001b5   Thumb Code     0  rtexit2.o(.ARM.Collect$$rtexit$$00000004)
    Reset_Handler                            0x080001bd   Thumb Code     8  startup_stm32f10x_md_vl.o(.text)
    NMI_Handler                              0x080001c5   Thumb Code     2  startup_stm32f10x_md_vl.o(.text)
    HardFault_Handler                        0x080001c7   Thumb Code     2  startup_stm32f10x_md_vl.o(.text)
    MemManage_Handler                        0x080001c9   Thumb Code     2  startup_stm32f10x_md_vl.o(.text)
    BusFault_Handler                         0x080001cb   Thumb Code     2  startup_stm32f10x_md_vl.o(.text)
    UsageFault_Handler                       0x080001cd   Thumb Code     2  startup_stm32f10x_md_vl.o(.text)
    SVC_Handler                              0x080001cf   Thumb Code     2  startup_stm32f10x_md_vl.o(.text)
    DebugMon_Handler                         0x080001d1   Thumb Code     2  startup_stm32f10x_md_vl.o(.text)
    PendSV_Handler                           0x080001d3   Thumb Code     2  startup_stm32f10x_md_vl.o(.text)
    SysTick_Handler                          0x080001d5   Thumb Code     2  startup_stm32f10x_md_vl.o(.text)
    ADC1_IRQHandler                          0x080001d7   Thumb Code     0  startup_stm32f10x_md_vl.o(.text)
    CEC_IRQHandler                           0x080001d7   Thumb Code     0  startup_stm32f10x_md_vl.o(.text)
    DMA1_Channel1_IRQHandler                 0x080001d7   Thumb Code     0  startup_stm32f10x_md_vl.o(.text)
    DMA1_Channel2_IRQHandler                 0x080001d7   Thumb Code     0  startup_stm32f10x_md_vl.o(.text)
    DMA1_Channel3_IRQHandler                 0x080001d7   Thumb Code     0  startup_stm32f10x_md_vl.o(.text)
    DMA1_Channel4_IRQHandler                 0x080001d7   Thumb Code     0  startup_stm32f10x_md_vl.o(.text)
    DMA1_Channel5_IRQHandler                 0x080001d7   Thumb Code     0  startup_stm32f10x_md_vl.o(.text)
    DMA1_Channel6_IRQHandler                 0x080001d7   Thumb Code     0  startup_stm32f10x_md_vl.o(.text)
    DMA1_Channel7_IRQHandler                 0x080001d7   Thumb Code     0  startup_stm32f10x_md_vl.o(.text)
    EXTI0_IRQHandler                         0x080001d7   Thumb Code     0  startup_stm32f10x_md_vl.o(.text)
    EXTI15_10_IRQHandler                     0x080001d7   Thumb Code     0  startup_stm32f10x_md_vl.o(.text)
    EXTI1_IRQHandler                         0x080001d7   Thumb Code     0  startup_stm32f10x_md_vl.o(.text)
    EXTI2_IRQHandler                         0x080001d7   Thumb Code     0  startup_stm32f10x_md_vl.o(.text)
    EXTI3_IRQHandler                         0x080001d7   Thumb Code     0  startup_stm32f10x_md_vl.o(.text)
    EXTI4_IRQHandler                         0x080001d7   Thumb Code     0  startup_stm32f10x_md_vl.o(.text)
    EXTI9_5_IRQHandler                       0x080001d7   Thumb Code     0  startup_stm32f10x_md_vl.o(.text)
    FLASH_IRQHandler                         0x080001d7   Thumb Code     0  startup_stm32f10x_md_vl.o(.text)
    I2C1_ER_IRQHandler                       0x080001d7   Thumb Code     0  startup_stm32f10x_md_vl.o(.text)
    I2C1_EV_IRQHandler                       0x080001d7   Thumb Code     0  startup_stm32f10x_md_vl.o(.text)
    I2C2_ER_IRQHandler                       0x080001d7   Thumb Code     0  startup_stm32f10x_md_vl.o(.text)
    I2C2_EV_IRQHandler                       0x080001d7   Thumb Code     0  startup_stm32f10x_md_vl.o(.text)
    PVD_IRQHandler                           0x080001d7   Thumb Code     0  startup_stm32f10x_md_vl.o(.text)
    RCC_IRQHandler                           0x080001d7   Thumb Code     0  startup_stm32f10x_md_vl.o(.text)
    RTCAlarm_IRQHandler                      0x080001d7   Thumb Code     0  startup_stm32f10x_md_vl.o(.text)
    RTC_IRQHandler                           0x080001d7   Thumb Code     0  startup_stm32f10x_md_vl.o(.text)
    SPI1_IRQHandler                          0x080001d7   Thumb Code     0  startup_stm32f10x_md_vl.o(.text)
    SPI2_IRQHandler                          0x080001d7   Thumb Code     0  startup_stm32f10x_md_vl.o(.text)
    TAMPER_IRQHandler                        0x080001d7   Thumb Code     0  startup_stm32f10x_md_vl.o(.text)
    TIM1_BRK_TIM15_IRQHandler                0x080001d7   Thumb Code     0  startup_stm32f10x_md_vl.o(.text)
    TIM1_CC_IRQHandler                       0x080001d7   Thumb Code     0  startup_stm32f10x_md_vl.o(.text)
    TIM1_TRG_COM_TIM17_IRQHandler            0x080001d7   Thumb Code     0  startup_stm32f10x_md_vl.o(.text)
    TIM1_UP_TIM16_IRQHandler                 0x080001d7   Thumb Code     0  startup_stm32f10x_md_vl.o(.text)
    TIM2_IRQHandler                          0x080001d7   Thumb Code     0  startup_stm32f10x_md_vl.o(.text)
    TIM3_IRQHandler                          0x080001d7   Thumb Code     0  startup_stm32f10x_md_vl.o(.text)
    TIM4_IRQHandler                          0x080001d7   Thumb Code     0  startup_stm32f10x_md_vl.o(.text)
    TIM6_DAC_IRQHandler                      0x080001d7   Thumb Code     0  startup_stm32f10x_md_vl.o(.text)
    TIM7_IRQHandler                          0x080001d7   Thumb Code     0  startup_stm32f10x_md_vl.o(.text)
    USART1_IRQHandler                        0x080001d7   Thumb Code     0  startup_stm32f10x_md_vl.o(.text)
    USART2_IRQHandler                        0x080001d7   Thumb Code     0  startup_stm32f10x_md_vl.o(.text)
    USART3_IRQHandler                        0x080001d7   Thumb Code     0  startup_stm32f10x_md_vl.o(.text)
    WWDG_IRQHandler                          0x080001d7   Thumb Code     0  startup_stm32f10x_md_vl.o(.text)
    __user_initial_stackheap                 0x080001d9   Thumb Code     0  startup_stm32f10x_md_vl.o(.text)
    strlen                                   0x080001fd   Thumb Code    62  strlen.o(.text)
    __aeabi_memclr4                          0x0800023b   Thumb Code     0  rt_memclr_w.o(.text)
    __aeabi_memclr8                          0x0800023b   Thumb Code     0  rt_memclr_w.o(.text)
    __rt_memclr_w                            0x0800023b   Thumb Code    78  rt_memclr_w.o(.text)
    _memset_w                                0x0800023f   Thumb Code     0  rt_memclr_w.o(.text)
    __use_two_region_memory                  0x08000289   Thumb Code     2  heapauxi.o(.text)
    __rt_heap_escrow$2region                 0x0800028b   Thumb Code     2  heapauxi.o(.text)
    __rt_heap_expand$2region                 0x0800028d   Thumb Code     2  heapauxi.o(.text)
    __user_setup_stackheap                   0x0800028f   Thumb Code    74  sys_stackheap_outer.o(.text)
    exit                                     0x080002d9   Thumb Code    18  exit.o(.text)
    __user_libspace                          0x080002ed   Thumb Code     8  libspace.o(.text)
    __user_perproc_libspace                  0x080002ed   Thumb Code     0  libspace.o(.text)
    __user_perthread_libspace                0x080002ed   Thumb Code     0  libspace.o(.text)
    _sys_exit                                0x080002f5   Thumb Code     8  sys_exit.o(.text)
    __I$use$semihosting                      0x08000301   Thumb Code     0  use_no_semi.o(.text)
    __use_no_semihosting_swi                 0x08000301   Thumb Code     2  use_no_semi.o(.text)
    __semihosting_library_function           0x08000303   Thumb Code     0  indicate_semi.o(.text)
    SystemInit                               0x080003c5   Thumb Code    82  system_stm32f10x.o(i.SystemInit)
    checkCommand                             0x08000429   Thumb Code   528  communications.o(i.checkCommand)
    clearBuffer                              0x08000641   Thumb Code    20  communications.o(i.clearBuffer)
    clockInit                                0x08000659   Thumb Code    64  communications.o(i.clockInit)
    command                                  0x080006a5   Thumb Code    80  communications.o(i.command)
    commandA                                 0x08000701   Thumb Code    10  communications.o(i.commandA)
    commandG0                                0x0800070d   Thumb Code   110  communications.o(i.commandG0)
    commandG1                                0x08000781   Thumb Code   110  communications.o(i.commandG1)
    commandG15                               0x080007f5   Thumb Code     8  communications.o(i.commandG15)
    commandG16                               0x080007fd   Thumb Code    86  communications.o(i.commandG16)
    commandG28                               0x08000859   Thumb Code    14  communications.o(i.commandG28)
    commandG30                               0x08000869   Thumb Code    50  communications.o(i.commandG30)
    commandM17                               0x080008a1   Thumb Code     8  communications.o(i.commandM17)
    commandM18                               0x080008a9   Thumb Code     8  communications.o(i.commandM18)
    commandM42                               0x080008b1   Thumb Code    78  communications.o(i.commandM42)
    commandToLCD                             0x08000905   Thumb Code    54  visualdisplaysubsystem.o(i.commandToLCD)
    dataToLCD                                0x0800094d   Thumb Code    52  visualdisplaysubsystem.o(i.dataToLCD)
    delay                                    0x08000995   Thumb Code    14  visualdisplaysubsystem.o(i.delay)
    delayUs                                  0x080009a3   Thumb Code    22  motorcontrolsubsystem.o(i.delayUs)
    disableMotors                            0x080009b9   Thumb Code    52  motorcontrolsubsystem.o(i.disableMotors)
    enableMotors                             0x080009f9   Thumb Code    52  motorcontrolsubsystem.o(i.enableMotors)
    getNum                                   0x08000a39   Thumb Code   178  communications.o(i.getNum)
    getbyte                                  0x08000af1   Thumb Code    24  communications.o(i.getbyte)
    homeMotors                               0x08000b0d   Thumb Code  1164  motorcontrolsubsystem.o(i.homeMotors)
    lcdDisplayError                          0x08000fad   Thumb Code   444  visualdisplaysubsystem.o(i.lcdDisplayError)
    lcdDisplayStatus                         0x08001309   Thumb Code   232  visualdisplaysubsystem.o(i.lcdDisplayStatus)
    lightsInit                               0x080014e5   Thumb Code    44  visualidentificationsubsystem.o(i.lightsInit)
    lightsToggle                             0x08001515   Thumb Code    98  visualidentificationsubsystem.o(i.lightsToggle)
    main                                     0x0800157d   Thumb Code    30  main.o(i.main)
    motorInit                                0x0800159d   Thumb Code   126  motorcontrolsubsystem.o(i.motorInit)
    moveMotor                                0x08001635   Thumb Code  1672  motorcontrolsubsystem.o(i.moveMotor)
    moveMotorDeg                             0x08001cc9   Thumb Code   612  motorcontrolsubsystem.o(i.moveMotorDeg)
    moveMotorSlow                            0x08001f51   Thumb Code  1660  motorcontrolsubsystem.o(i.moveMotorSlow)
    moveN                                    0x080025d9   Thumb Code    46  motorcontrolsubsystem.o(i.moveN)
    moveP                                    0x0800260d   Thumb Code    46  motorcontrolsubsystem.o(i.moveP)
    moveX                                    0x08002641   Thumb Code    54  motorcontrolsubsystem.o(i.moveX)
    moveXSlow                                0x08002681   Thumb Code    66  motorcontrolsubsystem.o(i.moveXSlow)
    moveY                                    0x080026cd   Thumb Code    54  motorcontrolsubsystem.o(i.moveY)
    moveYSlow                                0x0800270d   Thumb Code    66  motorcontrolsubsystem.o(i.moveYSlow)
    moveZ                                    0x08002759   Thumb Code    60  motorcontrolsubsystem.o(i.moveZ)
    moveZScrew                               0x0800279d   Thumb Code   364  motorcontrolsubsystem.o(i.moveZScrew)
    moveZSlow                                0x08002919   Thumb Code    66  motorcontrolsubsystem.o(i.moveZSlow)
    nonRecoverableError                      0x08002965   Thumb Code     4  motorcontrolsubsystem.o(i.nonRecoverableError)
    phiHome                                  0x08002969   Thumb Code   888  motorcontrolsubsystem.o(i.phiHome)
    printHex                                 0x08002d05   Thumb Code   126  communications.o(i.printHex)
    sendbyte                                 0x08002d85   Thumb Code    22  communications.o(i.sendbyte)
    serial_open                              0x08002da1   Thumb Code    74  communications.o(i.serial_open)
    stringToLCD                              0x08002df5   Thumb Code    34  visualdisplaysubsystem.o(i.stringToLCD)
    vdsInit                                  0x08002e19   Thumb Code   216  visualdisplaysubsystem.o(i.vdsInit)
    __aeabi_fadd                             0x08002f25   Thumb Code     0  faddsub_clz.o(x$fpl$fadd)
    _fadd                                    0x08002f25   Thumb Code   196  faddsub_clz.o(x$fpl$fadd)
    __fpl_fcmp_Inf                           0x08002fe9   Thumb Code    24  fcmpi.o(x$fpl$fcmpinf)
    __aeabi_fdiv                             0x08003001   Thumb Code     0  fdiv.o(x$fpl$fdiv)
    _fdiv                                    0x08003001   Thumb Code   384  fdiv.o(x$fpl$fdiv)
    __aeabi_f2iz                             0x08003185   Thumb Code     0  ffix.o(x$fpl$ffix)
    _ffix                                    0x08003185   Thumb Code    54  ffix.o(x$fpl$ffix)
    __aeabi_i2f                              0x080031bd   Thumb Code     0  fflt_clz.o(x$fpl$fflt)
    _fflt                                    0x080031bd   Thumb Code    48  fflt_clz.o(x$fpl$fflt)
    __aeabi_cfcmple                          0x080031ed   Thumb Code     0  fleqf.o(x$fpl$fleqf)
    _fcmple                                  0x080031ed   Thumb Code   104  fleqf.o(x$fpl$fleqf)
    __fpl_fcmple_InfNaN                      0x0800323f   Thumb Code     0  fleqf.o(x$fpl$fleqf)
    __aeabi_fmul                             0x08003255   Thumb Code     0  fmul.o(x$fpl$fmul)
    _fmul                                    0x08003255   Thumb Code   258  fmul.o(x$fpl$fmul)
    __fpl_fnaninf                            0x08003357   Thumb Code   140  fnaninf.o(x$fpl$fnaninf)
    __fpl_fretinf                            0x080033e3   Thumb Code    10  fretinf.o(x$fpl$fretinf)
    __aeabi_cfrcmple                         0x080033ed   Thumb Code     0  frleqf.o(x$fpl$frleqf)
    _frcmple                                 0x080033ed   Thumb Code    98  frleqf.o(x$fpl$frleqf)
    __aeabi_frsub                            0x0800344f   Thumb Code     0  faddsub_clz.o(x$fpl$frsb)
    _frsb                                    0x0800344f   Thumb Code    20  faddsub_clz.o(x$fpl$frsb)
    __aeabi_fsub                             0x08003465   Thumb Code     0  faddsub_clz.o(x$fpl$fsub)
    _fsub                                    0x08003465   Thumb Code   234  faddsub_clz.o(x$fpl$fsub)
    __I$use$fp                               0x0800354e   Number         0  usenofp.o(x$fpl$usenofp)
    Region$$Table$$Base                      0x08003550   Number         0  anon$$obj.o(Region$$Table)
    Region$$Table$$Limit                     0x08003570   Number         0  anon$$obj.o(Region$$Table)
    motorsEnabledG                           0x20000000   Data           4  motorcontrolsubsystem.o(.data)
    xPosG                                    0x20000004   Data           4  motorcontrolsubsystem.o(.data)
    yPosG                                    0x20000008   Data           4  motorcontrolsubsystem.o(.data)
    zPosG                                    0x2000000c   Data           4  motorcontrolsubsystem.o(.data)
    pDegG                                    0x20000010   Data           4  motorcontrolsubsystem.o(.data)
    encFlag                                  0x20000014   Data           4  motorcontrolsubsystem.o(.data)
    input                                    0x20000018   Data           1  communications.o(.data)
    gCodeErrorCount                          0x2000001c   Data           4  communications.o(.data)
    i                                        0x20000020   Data           4  communications.o(.data)
    get                                      0x20000024   Data          30  communications.o(.bss)
    __libspace_start                         0x20000044   Data          96  libspace.o(.bss)
    __temporary_stack_top$libspace           0x200000a4   Data           0  libspace.o(.bss)



==============================================================================

Memory Map of the image

  Image Entry point : 0x080001bd

  Load Region LR_1 (Base: 0x08000000, Size: 0x00003594, Max: 0xffffffff, ABSOLUTE)

    Execution Region ER_RO (Exec base: 0x08000000, Load base: 0x08000000, Size: 0x00003570, Max: 0xffffffff, ABSOLUTE)

    Exec Addr    Load Addr    Size         Type   Attr      Idx    E Section Name        Object

    0x08000000   0x08000000   0x00000120   Data   RO          430    RESET               startup_stm32f10x_md_vl.o
    0x08000120   0x08000120   0x00000008   Code   RO          489  * !!!main             c_w.l(__main.o)
    0x08000128   0x08000128   0x00000034   Code   RO          679    !!!scatter          c_w.l(__scatter.o)
    0x0800015c   0x0800015c   0x0000001a   Code   RO          681    !!handler_copy      c_w.l(__scatter_copy.o)
    0x08000176   0x08000176   0x00000002   PAD
    0x08000178   0x08000178   0x0000001c   Code   RO          683    !!handler_zi        c_w.l(__scatter_zi.o)
    0x08000194   0x08000194   0x00000002   Code   RO          549    .ARM.Collect$$libinit$$00000000  c_w.l(libinit.o)
    0x08000196   0x08000196   0x00000000   Code   RO          556    .ARM.Collect$$libinit$$00000002  c_w.l(libinit2.o)
    0x08000196   0x08000196   0x00000000   Code   RO          558    .ARM.Collect$$libinit$$00000004  c_w.l(libinit2.o)
    0x08000196   0x08000196   0x00000000   Code   RO          561    .ARM.Collect$$libinit$$0000000A  c_w.l(libinit2.o)
    0x08000196   0x08000196   0x00000000   Code   RO          563    .ARM.Collect$$libinit$$0000000C  c_w.l(libinit2.o)
    0x08000196   0x08000196   0x00000000   Code   RO          565    .ARM.Collect$$libinit$$0000000E  c_w.l(libinit2.o)
    0x08000196   0x08000196   0x00000000   Code   RO          568    .ARM.Collect$$libinit$$00000011  c_w.l(libinit2.o)
    0x08000196   0x08000196   0x00000000   Code   RO          570    .ARM.Collect$$libinit$$00000013  c_w.l(libinit2.o)
    0x08000196   0x08000196   0x00000000   Code   RO          572    .ARM.Collect$$libinit$$00000015  c_w.l(libinit2.o)
    0x08000196   0x08000196   0x00000000   Code   RO          574    .ARM.Collect$$libinit$$00000017  c_w.l(libinit2.o)
    0x08000196   0x08000196   0x00000000   Code   RO          576    .ARM.Collect$$libinit$$00000019  c_w.l(libinit2.o)
    0x08000196   0x08000196   0x00000000   Code   RO          578    .ARM.Collect$$libinit$$0000001B  c_w.l(libinit2.o)
    0x08000196   0x08000196   0x00000000   Code   RO          580    .ARM.Collect$$libinit$$0000001D  c_w.l(libinit2.o)
    0x08000196   0x08000196   0x00000000   Code   RO          582    .ARM.Collect$$libinit$$0000001F  c_w.l(libinit2.o)
    0x08000196   0x08000196   0x00000000   Code   RO          584    .ARM.Collect$$libinit$$00000021  c_w.l(libinit2.o)
    0x08000196   0x08000196   0x00000000   Code   RO          586    .ARM.Collect$$libinit$$00000023  c_w.l(libinit2.o)
    0x08000196   0x08000196   0x00000000   Code   RO          588    .ARM.Collect$$libinit$$00000025  c_w.l(libinit2.o)
    0x08000196   0x08000196   0x00000000   Code   RO          592    .ARM.Collect$$libinit$$0000002C  c_w.l(libinit2.o)
    0x08000196   0x08000196   0x00000000   Code   RO          594    .ARM.Collect$$libinit$$0000002E  c_w.l(libinit2.o)
    0x08000196   0x08000196   0x00000000   Code   RO          596    .ARM.Collect$$libinit$$00000030  c_w.l(libinit2.o)
    0x08000196   0x08000196   0x00000000   Code   RO          598    .ARM.Collect$$libinit$$00000032  c_w.l(libinit2.o)
    0x08000196   0x08000196   0x00000002   Code   RO          599    .ARM.Collect$$libinit$$00000033  c_w.l(libinit2.o)
    0x08000198   0x08000198   0x00000002   Code   RO          619    .ARM.Collect$$libshutdown$$00000000  c_w.l(libshutdown.o)
    0x0800019a   0x0800019a   0x00000000   Code   RO          632    .ARM.Collect$$libshutdown$$00000002  c_w.l(libshutdown2.o)
    0x0800019a   0x0800019a   0x00000000   Code   RO          634    .ARM.Collect$$libshutdown$$00000004  c_w.l(libshutdown2.o)
    0x0800019a   0x0800019a   0x00000000   Code   RO          637    .ARM.Collect$$libshutdown$$00000007  c_w.l(libshutdown2.o)
    0x0800019a   0x0800019a   0x00000000   Code   RO          640    .ARM.Collect$$libshutdown$$0000000A  c_w.l(libshutdown2.o)
    0x0800019a   0x0800019a   0x00000000   Code   RO          642    .ARM.Collect$$libshutdown$$0000000C  c_w.l(libshutdown2.o)
    0x0800019a   0x0800019a   0x00000000   Code   RO          645    .ARM.Collect$$libshutdown$$0000000F  c_w.l(libshutdown2.o)
    0x0800019a   0x0800019a   0x00000002   Code   RO          646    .ARM.Collect$$libshutdown$$00000010  c_w.l(libshutdown2.o)
    0x0800019c   0x0800019c   0x00000000   Code   RO          517    .ARM.Collect$$rtentry$$00000000  c_w.l(__rtentry.o)
    0x0800019c   0x0800019c   0x00000000   Code   RO          526    .ARM.Collect$$rtentry$$00000002  c_w.l(__rtentry2.o)
    0x0800019c   0x0800019c   0x00000006   Code   RO          538    .ARM.Collect$$rtentry$$00000004  c_w.l(__rtentry4.o)
    0x080001a2   0x080001a2   0x00000000   Code   RO          528    .ARM.Collect$$rtentry$$00000009  c_w.l(__rtentry2.o)
    0x080001a2   0x080001a2   0x00000004   Code   RO          529    .ARM.Collect$$rtentry$$0000000A  c_w.l(__rtentry2.o)
    0x080001a6   0x080001a6   0x00000000   Code   RO          531    .ARM.Collect$$rtentry$$0000000C  c_w.l(__rtentry2.o)
    0x080001a6   0x080001a6   0x00000008   Code   RO          532    .ARM.Collect$$rtentry$$0000000D  c_w.l(__rtentry2.o)
    0x080001ae   0x080001ae   0x00000002   Code   RO          553    .ARM.Collect$$rtexit$$00000000  c_w.l(rtexit.o)
    0x080001b0   0x080001b0   0x00000000   Code   RO          601    .ARM.Collect$$rtexit$$00000002  c_w.l(rtexit2.o)
    0x080001b0   0x080001b0   0x00000004   Code   RO          602    .ARM.Collect$$rtexit$$00000003  c_w.l(rtexit2.o)
    0x080001b4   0x080001b4   0x00000006   Code   RO          603    .ARM.Collect$$rtexit$$00000004  c_w.l(rtexit2.o)
    0x080001ba   0x080001ba   0x00000002   PAD
    0x080001bc   0x080001bc   0x00000040   Code   RO          431  * .text               startup_stm32f10x_md_vl.o
    0x080001fc   0x080001fc   0x0000003e   Code   RO          483    .text               c_w.l(strlen.o)
    0x0800023a   0x0800023a   0x0000004e   Code   RO          485    .text               c_w.l(rt_memclr_w.o)
    0x08000288   0x08000288   0x00000006   Code   RO          487    .text               c_w.l(heapauxi.o)
    0x0800028e   0x0800028e   0x0000004a   Code   RO          540    .text               c_w.l(sys_stackheap_outer.o)
    0x080002d8   0x080002d8   0x00000012   Code   RO          542    .text               c_w.l(exit.o)
    0x080002ea   0x080002ea   0x00000002   PAD
    0x080002ec   0x080002ec   0x00000008   Code   RO          550    .text               c_w.l(libspace.o)
    0x080002f4   0x080002f4   0x0000000c   Code   RO          611    .text               c_w.l(sys_exit.o)
    0x08000300   0x08000300   0x00000002   Code   RO          622    .text               c_w.l(use_no_semi.o)
    0x08000302   0x08000302   0x00000000   Code   RO          624    .text               c_w.l(indicate_semi.o)
    0x08000302   0x08000302   0x00000008   Code   RO          438    i.SetSysClock       system_stm32f10x.o
    0x0800030a   0x0800030a   0x00000002   PAD
    0x0800030c   0x0800030c   0x000000b8   Code   RO          439    i.SetSysClockTo24   system_stm32f10x.o
    0x080003c4   0x080003c4   0x00000064   Code   RO          441    i.SystemInit        system_stm32f10x.o
    0x08000428   0x08000428   0x00000218   Code   RO          295    i.checkCommand      communications.o
    0x08000640   0x08000640   0x00000018   Code   RO          296    i.clearBuffer       communications.o
    0x08000658   0x08000658   0x0000004c   Code   RO          297    i.clockInit         communications.o
    0x080006a4   0x080006a4   0x0000005c   Code   RO          298    i.command           communications.o
    0x08000700   0x08000700   0x0000000a   Code   RO          299    i.commandA          communications.o
    0x0800070a   0x0800070a   0x00000002   PAD
    0x0800070c   0x0800070c   0x00000074   Code   RO          300    i.commandG0         communications.o
    0x08000780   0x08000780   0x00000074   Code   RO          301    i.commandG1         communications.o
    0x080007f4   0x080007f4   0x00000008   Code   RO          302    i.commandG15        communications.o
    0x080007fc   0x080007fc   0x0000005c   Code   RO          303    i.commandG16        communications.o
    0x08000858   0x08000858   0x0000000e   Code   RO          304    i.commandG28        communications.o
    0x08000866   0x08000866   0x00000002   PAD
    0x08000868   0x08000868   0x00000038   Code   RO          305    i.commandG30        communications.o
    0x080008a0   0x080008a0   0x00000008   Code   RO          306    i.commandM17        communications.o
    0x080008a8   0x080008a8   0x00000008   Code   RO          307    i.commandM18        communications.o
    0x080008b0   0x080008b0   0x00000054   Code   RO          308    i.commandM42        communications.o
    0x08000904   0x08000904   0x00000048   Code   RO           60    i.commandToLCD      visualdisplaysubsystem.o
    0x0800094c   0x0800094c   0x00000048   Code   RO           61    i.dataToLCD         visualdisplaysubsystem.o
    0x08000994   0x08000994   0x0000000e   Code   RO           62    i.delay             visualdisplaysubsystem.o
    0x080009a2   0x080009a2   0x00000016   Code   RO          153    i.delayUs           motorcontrolsubsystem.o
    0x080009b8   0x080009b8   0x00000040   Code   RO          154    i.disableMotors     motorcontrolsubsystem.o
    0x080009f8   0x080009f8   0x00000040   Code   RO          155    i.enableMotors      motorcontrolsubsystem.o
    0x08000a38   0x08000a38   0x000000b8   Code   RO          309    i.getNum            communications.o
    0x08000af0   0x08000af0   0x0000001c   Code   RO          310    i.getbyte           communications.o
    0x08000b0c   0x08000b0c   0x000004a0   Code   RO          157    i.homeMotors        motorcontrolsubsystem.o
    0x08000fac   0x08000fac   0x0000035c   Code   RO           63    i.lcdDisplayError   visualdisplaysubsystem.o
    0x08001308   0x08001308   0x000001dc   Code   RO           64    i.lcdDisplayStatus  visualdisplaysubsystem.o
    0x080014e4   0x080014e4   0x00000030   Code   RO          123    i.lightsInit        visualidentificationsubsystem.o
    0x08001514   0x08001514   0x00000068   Code   RO          124    i.lightsToggle      visualidentificationsubsystem.o
    0x0800157c   0x0800157c   0x0000001e   Code   RO            4    i.main              main.o
    0x0800159a   0x0800159a   0x00000002   PAD
    0x0800159c   0x0800159c   0x00000098   Code   RO          158    i.motorInit         motorcontrolsubsystem.o
    0x08001634   0x08001634   0x00000694   Code   RO          159    i.moveMotor         motorcontrolsubsystem.o
    0x08001cc8   0x08001cc8   0x00000288   Code   RO          160    i.moveMotorDeg      motorcontrolsubsystem.o
    0x08001f50   0x08001f50   0x00000688   Code   RO          161    i.moveMotorSlow     motorcontrolsubsystem.o
    0x080025d8   0x080025d8   0x00000034   Code   RO          162    i.moveN             motorcontrolsubsystem.o
    0x0800260c   0x0800260c   0x00000034   Code   RO          163    i.moveP             motorcontrolsubsystem.o
    0x08002640   0x08002640   0x00000040   Code   RO          164    i.moveX             motorcontrolsubsystem.o
    0x08002680   0x08002680   0x0000004c   Code   RO          165    i.moveXSlow         motorcontrolsubsystem.o
    0x080026cc   0x080026cc   0x00000040   Code   RO          166    i.moveY             motorcontrolsubsystem.o
    0x0800270c   0x0800270c   0x0000004c   Code   RO          167    i.moveYSlow         motorcontrolsubsystem.o
    0x08002758   0x08002758   0x00000044   Code   RO          168    i.moveZ             motorcontrolsubsystem.o
    0x0800279c   0x0800279c   0x0000017c   Code   RO          169    i.moveZScrew        motorcontrolsubsystem.o
    0x08002918   0x08002918   0x0000004c   Code   RO          170    i.moveZSlow         motorcontrolsubsystem.o
    0x08002964   0x08002964   0x00000004   Code   RO          171    i.nonRecoverableError  motorcontrolsubsystem.o
    0x08002968   0x08002968   0x0000039c   Code   RO          172    i.phiHome           motorcontrolsubsystem.o
    0x08002d04   0x08002d04   0x0000007e   Code   RO          311    i.printHex          communications.o
    0x08002d82   0x08002d82   0x00000002   PAD
    0x08002d84   0x08002d84   0x0000001c   Code   RO          312    i.sendbyte          communications.o
    0x08002da0   0x08002da0   0x00000054   Code   RO          313    i.serial_open       communications.o
    0x08002df4   0x08002df4   0x00000022   Code   RO           65    i.stringToLCD       visualdisplaysubsystem.o
    0x08002e16   0x08002e16   0x00000002   PAD
    0x08002e18   0x08002e18   0x0000010c   Code   RO           66    i.vdsInit           visualdisplaysubsystem.o
    0x08002f24   0x08002f24   0x000000c4   Code   RO          491    x$fpl$fadd          fz_ws.l(faddsub_clz.o)
    0x08002fe8   0x08002fe8   0x00000018   Code   RO          518    x$fpl$fcmpinf       fz_ws.l(fcmpi.o)
    0x08003000   0x08003000   0x00000184   Code   RO          498    x$fpl$fdiv          fz_ws.l(fdiv.o)
    0x08003184   0x08003184   0x00000036   Code   RO          501    x$fpl$ffix          fz_ws.l(ffix.o)
    0x080031ba   0x080031ba   0x00000002   PAD
    0x080031bc   0x080031bc   0x00000030   Code   RO          506    x$fpl$fflt          fz_ws.l(fflt_clz.o)
    0x080031ec   0x080031ec   0x00000068   Code   RO          511    x$fpl$fleqf         fz_ws.l(fleqf.o)
    0x08003254   0x08003254   0x00000102   Code   RO          513    x$fpl$fmul          fz_ws.l(fmul.o)
    0x08003356   0x08003356   0x0000008c   Code   RO          520    x$fpl$fnaninf       fz_ws.l(fnaninf.o)
    0x080033e2   0x080033e2   0x0000000a   Code   RO          522    x$fpl$fretinf       fz_ws.l(fretinf.o)
    0x080033ec   0x080033ec   0x00000062   Code   RO          515    x$fpl$frleqf        fz_ws.l(frleqf.o)
    0x0800344e   0x0800344e   0x00000014   Code   RO          492    x$fpl$frsb          fz_ws.l(faddsub_clz.o)
    0x08003462   0x08003462   0x00000002   PAD
    0x08003464   0x08003464   0x000000ea   Code   RO          493    x$fpl$fsub          fz_ws.l(faddsub_clz.o)
    0x0800354e   0x0800354e   0x00000000   Code   RO          524    x$fpl$usenofp       fz_ws.l(usenofp.o)
    0x0800354e   0x0800354e   0x00000002   PAD
    0x08003550   0x08003550   0x00000020   Data   RO          677    Region$$Table       anon$$obj.o


    Execution Region ER_RW (Exec base: 0x20000000, Load base: 0x08003570, Size: 0x00000024, Max: 0xffffffff, ABSOLUTE)

    Exec Addr    Load Addr    Size         Type   Attr      Idx    E Section Name        Object

    0x20000000   0x08003570   0x00000018   Data   RW          174    .data               motorcontrolsubsystem.o
    0x20000018   0x08003588   0x0000000c   Data   RW          315    .data               communications.o


    Execution Region ER_ZI (Exec base: 0x20000024, Load base: 0x08003594, Size: 0x00000684, Max: 0xffffffff, ABSOLUTE)

    Exec Addr    Load Addr    Size         Type   Attr      Idx    E Section Name        Object

    0x20000024        -       0x0000001e   Zero   RW          314    .bss                communications.o
    0x20000042   0x08003594   0x00000002   PAD
    0x20000044        -       0x00000060   Zero   RW          551    .bss                c_w.l(libspace.o)
    0x200000a4   0x08003594   0x00000004   PAD
    0x200000a8        -       0x00000200   Zero   RW          429    HEAP                startup_stm32f10x_md_vl.o
    0x200002a8        -       0x00000400   Zero   RW          428    STACK               startup_stm32f10x_md_vl.o


==============================================================================

Image component sizes


      Code (inc. data)   RO Data    RW Data    ZI Data      Debug   Object Name

      1690         92          0         12         30      10782   communications.o
        30          0          0          0          0       4983   main.o
      7326        294          0         24          0      17918   motorcontrolsubsystem.o
        64         26        288          0       1536        832   startup_stm32f10x_md_vl.o
       292         24          0          0          0       2025   system_stm32f10x.o
      1796        772          0          0          0       3920   visualdisplaysubsystem.o
       152         10          0          0          0       1052   visualidentificationsubsystem.o

    ----------------------------------------------------------------------
     11362       1218        320         36       1568      41512   Object Totals
         0          0         32          0          0          0   (incl. Generated)
        12          0          0          0          2          0   (incl. Padding)

    ----------------------------------------------------------------------

      Code (inc. data)   RO Data    RW Data    ZI Data      Debug   Library Member Name

         8          0          0          0          0         68   __main.o
         0          0          0          0          0          0   __rtentry.o
        12          0          0          0          0          0   __rtentry2.o
         6          0          0          0          0          0   __rtentry4.o
        52          8          0          0          0          0   __scatter.o
        26          0          0          0          0          0   __scatter_copy.o
        28          0          0          0          0          0   __scatter_zi.o
        18          0          0          0          0         80   exit.o
         6          0          0          0          0        152   heapauxi.o
         0          0          0          0          0          0   indicate_semi.o
         2          0          0          0          0          0   libinit.o
         2          0          0          0          0          0   libinit2.o
         2          0          0          0          0          0   libshutdown.o
         2          0          0          0          0          0   libshutdown2.o
         8          4          0          0         96         68   libspace.o
        78          0          0          0          0         80   rt_memclr_w.o
         2          0          0          0          0          0   rtexit.o
        10          0          0          0          0          0   rtexit2.o
        62          0          0          0          0         76   strlen.o
        12          4          0          0          0         68   sys_exit.o
        74          0          0          0          0         80   sys_stackheap_outer.o
         2          0          0          0          0         68   use_no_semi.o
       450          8          0          0          0        236   faddsub_clz.o
        24          0          0          0          0         68   fcmpi.o
       388         76          0          0          0         96   fdiv.o
        54          4          0          0          0         84   ffix.o
        48          0          0          0          0         68   fflt_clz.o
       104          4          0          0          0         84   fleqf.o
       258          4          0          0          0         84   fmul.o
       140          4          0          0          0         84   fnaninf.o
        10          0          0          0          0         68   fretinf.o
        98          0          0          0          0         68   frleqf.o
         0          0          0          0          0          0   usenofp.o

    ----------------------------------------------------------------------
      1998        116          0          0        100       1680   Library Totals
        12          0          0          0          4          0   (incl. Padding)

    ----------------------------------------------------------------------

      Code (inc. data)   RO Data    RW Data    ZI Data      Debug   Library Name

       412         16          0          0         96        740   c_w.l
      1574        100          0          0          0        940   fz_ws.l

    ----------------------------------------------------------------------
      1998        116          0          0        100       1680   Library Totals

    ----------------------------------------------------------------------

==============================================================================


      Code (inc. data)   RO Data    RW Data    ZI Data      Debug   

     13360       1334        320         36       1668      39912   Grand Totals
     13360       1334        320         36       1668      39912   ELF Image Totals
     13360       1334        320         36          0          0   ROM Totals

==============================================================================

    Total RO  Size (Code + RO Data)                13680 (  13.36kB)
    Total RW  Size (RW Data + ZI Data)              1704 (   1.66kB)
    Total ROM Size (Code + RO Data + RW Data)      13716 (  13.39kB)

==============================================================================

